Microchip MPLAB XC8 Compiler V1.21 ()

Linker command line:

--edf=C:\Program Files (x86)\Microchip\xc8\v1.21\dat\en_msgs.txt -cs \
  -h+dist/default/production\Sig_Gen.production.sym \
  --cmf=dist/default/production\Sig_Gen.production.cmf -z -Q16F877A \
  -oC:\Users\os\AppData\Local\Temp\s5rc.6 \
  -Mdist/default/production/Sig_Gen.production.map -E1 -ver=XC8 \
  -ACONST=00h-0FFhx32 -ACODE=00h-07FFhx4 -ASTRCODE=00h-01FFFh \
  -AENTRY=00h-0FFhx32 -ASTRING=00h-0FFhx32 -ACOMMON=070h-07Fh \
  -ABANK0=020h-06Fh -ABANK1=0A0h-0EFh -ABANK2=0110h-016Fh \
  -ABANK3=0190h-01EFh -ARAM=020h-06Fh,0A0h-0EFh,0110h-016Fh,0190h-01EFh \
  -AABS1=020h-07Fh,0A0h-0EFh,0110h-016Fh,0190h-01EFh -ASFR0=00h-01Fh \
  -ASFR1=080h-09Fh -ASFR2=0100h-010Fh -ASFR3=0180h-018Fh \
  -preset_vec=00h,intentry=04h,init,end_init -ppowerup=CODE -pcinit=CODE \
  -pfunctab=CODE -ACONFIG=02007h-02007h -pconfig=CONFIG -DCONFIG=2 \
  -AIDLOC=02000h-02003h -pidloc=IDLOC -DIDLOC=2 -AEEDATA=00h-0FFh/02100h \
  -peeprom_data=EEDATA -DEEDATA=2 -DCODE=2 -DSTRCODE=2 -DSTRING=2 -DCONST=2 \
  -DENTRY=2 -k C:\Users\os\AppData\Local\Temp\s5rc.obj \
  dist/default/production\Sig_Gen.production.obj 

Object code version is 3.11

Machine type is 16F877A



                Name                               Link     Load   Length Selector   Space Scale
C:\Users\os\AppData\Local\Temp\s5rc.obj
                end_init                             12       12        3        8       0
                reset_vec                             0        0        3        0       0
                config                             2007     2007        1     400E       0
dist/default/production\Sig_Gen.production.obj
                cinit                                15       15       10        8       0
                intentry                              4        4        E        8       0
                text40                              CBF      CBF       3E     197E       0
                text39                              C8B      C8B       34     1916       0
                text38                              6F5      6F5       7E        8       0
                text37                              BDC      BDC       26     17B8       0
                text36                              2EA      2EA      109        8       0
                text35                              E71      E71       5D     1CE2       0
                text34                              F2C      F2C       68     1E58       0
                text33                              4E0      4E0       D3        8       0
                text32                              A94      A94        8     1528       0
                text31                              669      669       8C        8       0
                text30                              B19      B19       16     1632       0
                text29                              B71      B71       23     16E2       0
                text28                              1E0      1E0      10A        8       0
                text27                              ECE      ECE       5E     1D9C       0
                text26                              D79      D79       4C     1AF2       0
                text25                              F94      F94       6C     1F28       0
                text24                              AD4      AD4       10     15A8       0
                text23                              AB6      AB6        A     156C       0
                text22                              C2D      C2D       2C     185A       0
                text21                              B2F      B2F       21     165E       0
                text20                              5B3      5B3       B6        8       0
                text19                              3F3      3F3       ED        8       0
                text18                              AC0      AC0        A     1580       0
                text17                              DC5      DC5       52     1B8A       0
                text16                              BB7      BB7       25     176E       0
                text15                              A8F      A8F        5     151E       0
                text14                              7E2      7E2       1D        8       0
                text13                              CFD      CFD       3E     19FA       0
                text12                              C02      C02       2B     1804       0
                text11                              D3B      D3B       3E     1A76       0
                text10                              773      773       6F        8       0
                text9                               AA4      AA4        9     1548       0
                text8                                25       25      1BB        8       0
                text7                               AF5      AF5       12     15EA       0
                text6                               AAD      AAD        9     155A       0
                text5                               A9C      A9C        8     1538       0
                text4                               B07      B07       12     160E       0
                text3                               C59      C59       32     18B2       0
                text2                               B94      B94       23     1728       0
                text1                               E17      E17       5A     1C2E       0
                maintext                            B50      B50       21     16A0       0
                cstackBANK0                          20       20       36       20       1
                cstackCOMMON                         70       70        E       70       1
                cstackBANK1                          A0       A0        3       A0       1
                inittext                            AE4      AE4       11     15C8       0
                dataBANK0                            56       56        A       20       1
                strings                             800      800       1C     1000       0
                idataBANK0                          ACA      ACA        A     1594       0

TOTAL           Name                               Link     Load   Length     Space
        CLASS   CONST          

        CLASS   CODE           
                end_init                             12       12        3         0
                cinit                                15       15       10         0
                intentry                              4        4        E         0
                reset_vec                             0        0        3         0
                text40                              CBF      CBF       3E         0
                text39                              C8B      C8B       34         0
                text38                              6F5      6F5       7E         0
                text37                              BDC      BDC       26         0
                text36                              2EA      2EA      109         0
                text35                              E71      E71       5D         0
                text34                              F2C      F2C       68         0
                text33                              4E0      4E0       D3         0
                text32                              A94      A94        8         0
                text31                              669      669       8C         0
                text30                              B19      B19       16         0
                text29                              B71      B71       23         0
                text28                              1E0      1E0      10A         0
                text27                              ECE      ECE       5E         0
                text26                              D79      D79       4C         0
                text25                              F94      F94       6C         0
                text24                              AD4      AD4       10         0
                text23                              AB6      AB6        A         0
                text22                              C2D      C2D       2C         0
                text21                              B2F      B2F       21         0
                text20                              5B3      5B3       B6         0
                text19                              3F3      3F3       ED         0
                text18                              AC0      AC0        A         0
                text17                              DC5      DC5       52         0
                text16                              BB7      BB7       25         0
                text15                              A8F      A8F        5         0
                text14                              7E2      7E2       1D         0
                text13                              CFD      CFD       3E         0
                text12                              C02      C02       2B         0
                text11                              D3B      D3B       3E         0
                text10                              773      773       6F         0
                text9                               AA4      AA4        9         0
                text8                                25       25      1BB         0
                text7                               AF5      AF5       12         0
                text6                               AAD      AAD        9         0
                text5                               A9C      A9C        8         0
                text4                               B07      B07       12         0
                text3                               C59      C59       32         0
                text2                               B94      B94       23         0
                text1                               E17      E17       5A         0
                maintext                            B50      B50       21         0
                inittext                            AE4      AE4       11         0
                idataBANK0                          ACA      ACA        A         0

        CLASS   STRCODE        

        CLASS   ENTRY          

        CLASS   STRING         
                strings                             800      800       1C         0

        CLASS   COMMON         
                cstackCOMMON                         70       70        E         1

        CLASS   BANK0          
                cstackBANK0                          20       20       36         1
                dataBANK0                            56       56        A         1

        CLASS   BANK1          
                cstackBANK1                          A0       A0        3         1

        CLASS   BANK2          

        CLASS   BANK3          

        CLASS   RAM            

        CLASS   ABS1           
                abs_s1                               7E       7E        2         1

        CLASS   SFR0           

        CLASS   SFR1           

        CLASS   SFR2           

        CLASS   SFR3           

        CLASS   CONFIG         
                config                             2007     2007        1         0

        CLASS   IDLOC          

        CLASS   EEDATA         



SEGMENTS        Name                           Load    Length   Top    Selector   Space  Class     Delta

                reset_vec                      000000  000003  000003         0       0  CODE        2
                intentry                       000004  0007FB  0007FF         8       0  CODE        2
                cstackBANK0                    000020  000040  000060        20       1  BANK0       1
                cstackCOMMON                   000070  00000E  00007E        70       1  COMMON      1
                cstackBANK1                    0000A0  000003  0000A3        A0       1  BANK1       1
                strings                        000800  00001C  00081C      1000       0  STRING      2
                text15                         000A8F  000005  000A94      151E       0  CODE        2
                text32                         000A94  000008  000A9C      1528       0  CODE        2
                text5                          000A9C  000008  000AA4      1538       0  CODE        2
                text9                          000AA4  000009  000AAD      1548       0  CODE        2
                text6                          000AAD  000009  000AB6      155A       0  CODE        2
                text23                         000AB6  00000A  000AC0      156C       0  CODE        2
                text18                         000AC0  00000A  000ACA      1580       0  CODE        2
                idataBANK0                     000ACA  00000A  000AD4      1594       0  CODE        2
                text24                         000AD4  000010  000AE4      15A8       0  CODE        2
                inittext                       000AE4  000011  000AF5      15C8       0  CODE        2
                text7                          000AF5  000012  000B07      15EA       0  CODE        2
                text4                          000B07  000012  000B19      160E       0  CODE        2
                text30                         000B19  000016  000B2F      1632       0  CODE        2
                text21                         000B2F  000021  000B50      165E       0  CODE        2
                maintext                       000B50  000021  000B71      16A0       0  CODE        2
                text29                         000B71  000023  000B94      16E2       0  CODE        2
                text2                          000B94  000023  000BB7      1728       0  CODE        2
                text16                         000BB7  000025  000BDC      176E       0  CODE        2
                text37                         000BDC  000026  000C02      17B8       0  CODE        2
                text12                         000C02  00002B  000C2D      1804       0  CODE        2
                text22                         000C2D  00002C  000C59      185A       0  CODE        2
                text3                          000C59  000032  000C8B      18B2       0  CODE        2
                text39                         000C8B  000034  000CBF      1916       0  CODE        2
                text40                         000CBF  00003E  000CFD      197E       0  CODE        2
                text13                         000CFD  00003E  000D3B      19FA       0  CODE        2
                text11                         000D3B  00003E  000D79      1A76       0  CODE        2
                text26                         000D79  00004C  000DC5      1AF2       0  CODE        2
                text17                         000DC5  000052  000E17      1B8A       0  CODE        2
                text1                          000E17  00005A  000E71      1C2E       0  CODE        2
                text35                         000E71  00005D  000ECE      1CE2       0  CODE        2
                text27                         000ECE  00005E  000F2C      1D9C       0  CODE        2
                text34                         000F2C  000068  000F94      1E58       0  CODE        2
                text25                         000F94  00006C  001000      1F28       0  CODE        2
                config                         002007  000001  002008      400E       0  CONFIG      2


UNUSED ADDRESS RANGES

        Name                Unused          Largest block    Delta
        BANK0            0060-006F             10           1
        BANK1            00A3-00EF             4D           1
        BANK2            0110-016F             60           1
        BANK3            0190-01EF             60           1
        CODE             0003-0003              1           2
                         07FF-07FF              1
                         081C-0A8E            273
                         1000-1FFF            800
        CONST            0003-0003              1           2
                         07FF-07FF              1
                         081C-0A8E            100
                         1000-1FFF            100
        EEDATA           2100-21FF            100           2
        ENTRY            0003-0003              1           2
                         07FF-07FF              1
                         081C-0A8E            100
                         1000-1FFF            100
        IDLOC            2000-2003              4           2
        RAM              0060-006F             10           1
                         00A3-00EF             4D
                         0110-016F             60
                         0190-01EF             60
        SFR0             0000-001F             20           1
        SFR1             0080-009F             20           1
        SFR2             0100-010F             10           1
        SFR3             0180-018F             10           1
        STRCODE          0003-0003              1           2
                         07FF-07FF              1
                         081C-0A8E            273
                         1000-1FFF           1000
        STRING           0003-0003              1           2
                         07FF-07FF              1
                         081C-0A8E            100
                         1000-1FFF            100

                                  Symbol Table

?_FloatToString               cstackBANK0  0037
?_ReadADC                     cstackCOMMON 0070
?_ReadVoltage                 cstackBANK0  0030
?___awtoft                    cstackCOMMON 0078
?___ftadd                     cstackBANK0  0021
?___ftdiv                     cstackCOMMON 0078
?___ftge                      cstackCOMMON 0070
?___ftmul                     cstackBANK0  0020
?___ftneg                     cstackCOMMON 0078
?___ftpack                    cstackCOMMON 0070
?___fttol                     cstackCOMMON 0070
?___lldiv                     cstackCOMMON 0070
?___llmod                     cstackCOMMON 0070
?___lltoft                    cstackCOMMON 0078
?___lwdiv                     cstackCOMMON 0070
?___lwmod                     cstackCOMMON 0070
?___lwtoft                    cstackCOMMON 007B
?___wmul                      cstackCOMMON 0070
?_calculate_frequency         cstackBANK0  0030
?_dataUpdate                  cstackBANK1  00A0
?_freq_to_string              cstackBANK0  0020
?_load_freq                   cstackBANK0  0037
?_strlen                      cstackCOMMON 0070
?_update_dds                  cstackBANK0  0041
?_utoa                        cstackCOMMON 0078
?_write_str                   cstackCOMMON 0073
?i1_dataUpdate                cstackCOMMON 0070
FloatToString@curr            cstackBANK0  003F
FloatToString@f               cstackBANK0  0037
FloatToString@len             cstackBANK0  0040
FloatToString@pos             cstackBANK0  0042
FloatToString@size            cstackBANK0  003A
FloatToString@str             cstackBANK0  0041
FloatToString@value           cstackBANK0  0043
ISR@buffer                    cstackBANK0  004C
ReadADC@ch                    cstackCOMMON 0070
ReadVoltage@adc_value         cstackBANK0  0034
ReadVoltage@ch                cstackBANK0  0030
_ADCInit                      text4        0B07
_ADCON0bits                   (abs)        001F
_ADCON1bits                   (abs)        009F
_ADRESH                       (abs)        001E
_ADRESL                       (abs)        009E
_DDS_init                     text1        0E17
_FloatToString                text28       01E0
_INTCON                       (abs)        000B
_INTCONbits                   (abs)        000B
_ISR                          text8        0025
_OPTION_REG                   (abs)        0081
_PORTC                        (abs)        0007
_RB0                          (abs)        0030
_RB1                          (abs)        0031
_RB2                          (abs)        0032
_RB3                          (abs)        0033
_RB4                          (abs)        0034
_RB5                          (abs)        0035
_RB6                          (abs)        0036
_RB7                          (abs)        0037
_ReadADC                      text22       0C2D
_ReadVoltage                  text19       03F3
_TMR0                         (abs)        0001
_TMR0_init                    text5        0A9C
_TRISB0                       (abs)        0430
_TRISB1                       (abs)        0431
_TRISB2                       (abs)        0432
_TRISB3                       (abs)        0433
_TRISB4                       (abs)        0434
_TRISB5                       (abs)        0435
_TRISB6                       (abs)        0436
_TRISB7                       (abs)        0437
_TRISC                        (abs)        0087
__CFG_BOREN$ON                (abs)        0000
__CFG_CP$OFF                  (abs)        0000
__CFG_CPD$ON                  (abs)        0000
__CFG_FOSC$HS                 (abs)        0000
__CFG_LVP$OFF                 (abs)        0000
__CFG_PWRTE$ON                (abs)        0000
__CFG_WDTE$OFF                (abs)        0000
__CFG_WRT$OFF                 (abs)        0000
__Habs1                       abs1         0000
__Hbank0                      bank0        0000
__Hbank1                      bank1        0000
__Hbank2                      bank2        0000
__Hbank3                      bank3        0000
__Hcinit                      cinit        0025
__Hclrtext                    clrtext      0000
__Hcode                       code         0000
__Hcommon                     common       0000
__Hconfig                     config       2008
__HcstackBANK0                cstackBANK0  0000
__HcstackBANK1                cstackBANK1  0000
__HcstackCOMMON               cstackCOMMON 0000
__HdataBANK0                  dataBANK0    0000
__Heeprom_data                eeprom_data  0000
__Hend_init                   end_init     0015
__Hfunctab                    functab      0000
__HidataBANK0                 idataBANK0   0000
__Hidloc                      idloc        0000
__Hinit                       init         0012
__Hinittext                   inittext     0000
__Hintentry                   intentry     0012
__Hmaintext                   maintext     0000
__Hpowerup                    powerup      0000
__Hram                        ram          0000
__Hreset_vec                  reset_vec    0003
__Hsfr0                       sfr0         0000
__Hsfr1                       sfr1         0000
__Hsfr2                       sfr2         0000
__Hsfr3                       sfr3         0000
__Hstrings                    strings      0000
__Htext                       text         0000
__Labs1                       abs1         0000
__Lbank0                      bank0        0000
__Lbank1                      bank1        0000
__Lbank2                      bank2        0000
__Lbank3                      bank3        0000
__Lcinit                      cinit        0015
__Lclrtext                    clrtext      0000
__Lcode                       code         0000
__Lcommon                     common       0000
__Lconfig                     config       2007
__LcstackBANK0                cstackBANK0  0000
__LcstackBANK1                cstackBANK1  0000
__LcstackCOMMON               cstackCOMMON 0000
__LdataBANK0                  dataBANK0    0000
__Leeprom_data                eeprom_data  0000
__Lend_init                   end_init     0012
__Lfunctab                    functab      0000
__LidataBANK0                 idataBANK0   0000
__Lidloc                      idloc        0000
__Linit                       init         0012
__Linittext                   inittext     0000
__Lintentry                   intentry     0004
__Lmaintext                   maintext     0000
__Lpowerup                    powerup      0000
__Lram                        ram          0000
__Lreset_vec                  reset_vec    0000
__Lsfr0                       sfr0         0000
__Lsfr1                       sfr1         0000
__Lsfr2                       sfr2         0000
__Lsfr3                       sfr3         0000
__Lstrings                    strings      0000
__Ltext                       text         0000
__S0                          (abs)        2008
__S1                          (abs)        00A3
__S3                          (abs)        0000
___awtoft                     text21       0B2F
___awtoft@c                   cstackCOMMON 0078
___awtoft@sign                cstackCOMMON 007D
___ftadd                      text36       02EA
___ftadd@exp1                 cstackBANK0  002D
___ftadd@exp2                 cstackBANK0  002C
___ftadd@f1                   cstackBANK0  0021
___ftadd@f2                   cstackBANK0  0024
___ftadd@sign                 cstackBANK0  002B
___ftdiv                      text20       05B3
___ftdiv@cntr                 cstackBANK0  0024
___ftdiv@exp                  cstackBANK0  0028
___ftdiv@f1                   cstackCOMMON 007B
___ftdiv@f2                   cstackCOMMON 0078
___ftdiv@f3                   cstackBANK0  0025
___ftdiv@sign                 cstackBANK0  0029
___ftge                       text35       0E71
___ftge@ff1                   cstackCOMMON 0070
___ftge@ff2                   cstackCOMMON 0073
___ftmul                      text33       04E0
___ftmul@cntr                 cstackBANK0  002E
___ftmul@exp                  cstackBANK0  002A
___ftmul@f1                   cstackBANK0  0020
___ftmul@f2                   cstackBANK0  0023
___ftmul@f3_as_product        cstackBANK0  002B
___ftmul@sign                 cstackBANK0  002F
___ftneg                      text32       0A94
___ftneg@f1                   cstackCOMMON 0078
___ftpack                     text34       0F2C
___ftpack@arg                 cstackCOMMON 0070
___ftpack@exp                 cstackCOMMON 0073
___ftpack@sign                cstackCOMMON 0074
___fttol                      text31       0669
___fttol@exp1                 cstackCOMMON 007D
___fttol@f1                   cstackCOMMON 0070
___fttol@lval                 cstackCOMMON 0079
___fttol@sign1                cstackCOMMON 0078
___latbits                    (abs)        0002
___lldiv                      text27       0ECE
___lldiv@counter              cstackCOMMON 007D
___lldiv@dividend             cstackCOMMON 0074
___lldiv@divisor              cstackCOMMON 0070
___lldiv@quotient             cstackCOMMON 0079
___llmod                      text26       0D79
___llmod@counter              cstackCOMMON 0079
___llmod@dividend             cstackCOMMON 0074
___llmod@divisor              cstackCOMMON 0070
___lltoft                     text12       0C02
___lltoft@c                   cstackCOMMON 0078
___lltoft@exp                 cstackCOMMON 007D
___lwdiv                      text40       0CBF
___lwdiv@counter              cstackCOMMON 0077
___lwdiv@dividend             cstackCOMMON 0072
___lwdiv@divisor              cstackCOMMON 0070
___lwdiv@quotient             cstackCOMMON 0075
___lwmod                      text39       0C8B
___lwmod@counter              cstackCOMMON 0075
___lwmod@dividend             cstackCOMMON 0072
___lwmod@divisor              cstackCOMMON 0070
___lwtoft                     text30       0B19
___lwtoft@c                   cstackCOMMON 007B
___wmul                       text29       0B71
___wmul@multiplicand          cstackCOMMON 0072
___wmul@multiplier            cstackCOMMON 0070
___wmul@product               cstackCOMMON 0074
__end_of_ADCInit              text4        0B19
__end_of_DDS_init             text1        0E71
__end_of_FloatToString        text28       02EA
__end_of_ISR                  text8        01E0
__end_of_ReadADC              text22       0C59
__end_of_ReadVoltage          text19       04E0
__end_of_TMR0_init            text5        0AA4
__end_of___awtoft             text21       0B50
__end_of___ftadd              text36       03F3
__end_of___ftdiv              text20       0669
__end_of___ftge               text35       0ECE
__end_of___ftmul              text33       05B3
__end_of___ftneg              text32       0A9C
__end_of___ftpack             text34       0F94
__end_of___fttol              text31       06F5
__end_of___lldiv              text27       0F2C
__end_of___llmod              text26       0DC5
__end_of___lltoft             text12       0C2D
__end_of___lwdiv              text40       0CFD
__end_of___lwmod              text39       0CBF
__end_of___lwtoft             text30       0B2F
__end_of___wmul               text29       0B94
__end_of__initialization      cinit        0021
__end_of__stringdata          strings      081C
__end_of__stringtab           strings      0810
__end_of_calculate_frequency  text11       0D79
__end_of_dataUpdate           text2        0BB7
__end_of_freq_to_string       text25       1000
__end_of_frequencyUpdate      text15       0A94
__end_of_init_lcd             text3        0C8B
__end_of_load_freq            text13       0D3B
__end_of_main                 maintext     0B71
__end_of_set_cur              text23       0AC0
__end_of_set_cur_l_1          text6        0AB6
__end_of_set_underline        text16       0BDC
__end_of_strlen               text37       0C02
__end_of_toggle               text7        0B07
__end_of_update_dds           text10       07E2
__end_of_utoa                 text38       0773
__end_of_write_char           text18       0ACA
__end_of_write_str            text17       0E17
__end_offreq_to_string@digit  strings      081A
__end_ofi1_dataUpdate         text14       07FF
__end_ofi1_set_cur_l_1        text9        0AAD
__end_ofi1_toggle             text24       0AE4
__initialization              cinit        0015
__pcstackBANK0                cstackBANK0  0020
__pcstackBANK1                cstackBANK1  00A0
__pcstackCOMMON               cstackCOMMON 0070
__pdataBANK0                  dataBANK0    0056
__pidataBANK0                 idataBANK0   0ACA
__pintentry                   intentry     0004
__pmaintext                   maintext     0B50
__pstrings                    strings      0800
__ptext1                      text1        0E17
__ptext10                     text10       0773
__ptext11                     text11       0D3B
__ptext12                     text12       0C02
__ptext13                     text13       0CFD
__ptext14                     text14       07E2
__ptext15                     text15       0A8F
__ptext16                     text16       0BB7
__ptext17                     text17       0DC5
__ptext18                     text18       0AC0
__ptext19                     text19       03F3
__ptext2                      text2        0B94
__ptext20                     text20       05B3
__ptext21                     text21       0B2F
__ptext22                     text22       0C2D
__ptext23                     text23       0AB6
__ptext24                     text24       0AD4
__ptext25                     text25       0F94
__ptext26                     text26       0D79
__ptext27                     text27       0ECE
__ptext28                     text28       01E0
__ptext29                     text29       0B71
__ptext3                      text3        0C59
__ptext30                     text30       0B19
__ptext31                     text31       0669
__ptext32                     text32       0A94
__ptext33                     text33       04E0
__ptext34                     text34       0F2C
__ptext35                     text35       0E71
__ptext36                     text36       02EA
__ptext37                     text37       0BDC
__ptext38                     text38       06F5
__ptext39                     text39       0C8B
__ptext4                      text4        0B07
__ptext40                     text40       0CBF
__ptext5                      text5        0A9C
__ptext6                      text6        0AAD
__ptext7                      text7        0AF5
__ptext8                      text8        0025
__ptext9                      text9        0AA4
__size_of_ADCInit             (abs)        0000
__size_of_DDS_init            (abs)        0000
__size_of_FloatToString       (abs)        0000
__size_of_ISR                 (abs)        0000
__size_of_ReadADC             (abs)        0000
__size_of_ReadVoltage         (abs)        0000
__size_of_TMR0_init           (abs)        0000
__size_of___awtoft            (abs)        0000
__size_of___ftadd             (abs)        0000
__size_of___ftdiv             (abs)        0000
__size_of___ftge              (abs)        0000
__size_of___ftmul             (abs)        0000
__size_of___ftneg             (abs)        0000
__size_of___ftpack            (abs)        0000
__size_of___fttol             (abs)        0000
__size_of___lldiv             (abs)        0000
__size_of___llmod             (abs)        0000
__size_of___lltoft            (abs)        0000
__size_of___lwdiv             (abs)        0000
__size_of___lwmod             (abs)        0000
__size_of___lwtoft            (abs)        0000
__size_of___wmul              (abs)        0000
__size_of_calculate_frequency (abs)        0000
__size_of_dataUpdate          (abs)        0000
__size_of_freq_to_string      (abs)        0000
__size_of_frequencyUpdate     (abs)        0000
__size_of_init_lcd            (abs)        0000
__size_of_load_freq           (abs)        0000
__size_of_main                (abs)        0000
__size_of_set_cur             (abs)        0000
__size_of_set_cur_l_1         (abs)        0000
__size_of_set_underline       (abs)        0000
__size_of_strlen              (abs)        0000
__size_of_toggle              (abs)        0000
__size_of_update_dds          (abs)        0000
__size_of_utoa                (abs)        0000
__size_of_write_char          (abs)        0000
__size_of_write_str           (abs)        0000
__size_ofi1_dataUpdate        (abs)        0000
__size_ofi1_set_cur_l_1       (abs)        0000
__size_ofi1_toggle            (abs)        0000
__stringbase                  strings      080F
__stringdata                  strings      081A
__stringtab                   strings      0800
_calculate_frequency          text11       0D3B
_current_digit                dataBANK0    005E
_dataUpdate                   text2        0B94
_freq                         dataBANK0    0056
_freq_to_string               text25       0F94
_frequencyUpdate              text15       0A8F
_init_lcd                     text3        0C59
_load_freq                    text13       0CFD
_main                         maintext     0B50
_set_cur                      text23       0AB6
_set_cur_l_1                  text6        0AAD
_set_underline                text16       0BB7
_step                         dataBANK0    005A
_strlen                       text37       0BDC
_toggle                       text7        0AF5
_update_dds                   text10       0773
_utoa                         text38       06F5
_write_char                   text18       0AC0
_write_str                    text17       0DC5
btemp                         (abs)        007E
calculate_frequency@frequency cstackBANK0  0030
calculate_frequency@tmp       cstackBANK0  0034
dataUpdate@sig                cstackBANK1  00A0
end_of_initialization         cinit        0021
freq_to_string@buf            cstackBANK0  0026
freq_to_string@digit          strings      0810
freq_to_string@i              cstackBANK0  0027
freq_to_string@val            cstackBANK0  0020
i1_dataUpdate                 text14       07E2
i1_set_cur_l_1                text9        0AA4
i1_toggle                     text24       0AD4
i1dataUpdate@sig              cstackCOMMON 0070
init_fetch0                   inittext     0AE4
init_ram0                     inittext     0AE8
interrupt_function            intentry     0004
intlevel0                     functab      0000
intlevel1                     functab      0000
intlevel2                     functab      0000
intlevel3                     functab      0000
intlevel4                     functab      0000
intlevel5                     functab      0000
load_freq@freq                cstackBANK0  0037
load_freq@i                   cstackBANK0  003F
reset_vec                     reset_vec    0000
saved_w                       (abs)        007E
set_cur@offset                cstackCOMMON 0072
set_underline@offset          cstackCOMMON 0074
start                         init         0012
start_initialization          cinit        0015
strlen@cp                     cstackCOMMON 0077
strlen@s                      cstackCOMMON 0076
update_dds@frequency          cstackBANK0  0041
utoa@base                     cstackCOMMON 007A
utoa@buf                      cstackBANK0  0023
utoa@c                        cstackBANK0  0022
utoa@v                        cstackBANK0  0020
utoa@val                      cstackCOMMON 0078
write_char@c                  cstackCOMMON 0072
write_str@i                   cstackCOMMON 0078
write_str@length              cstackCOMMON 0075
write_str@str                 cstackCOMMON 0073
wtemp0                        (abs)        007E


FUNCTION INFORMATION:

 *************** function _main *****************
 Defined at:
		line 237 in file "main.c"
 Parameters:    Size  Location     Type
		None
 Auto vars:     Size  Location     Type
		None
 Return value:  Size  Location     Type
		None               void
 Registers used:
		wreg, fsr0l, fsr0h, fsr1l, fsr1h, fsr1l, fsr1h, status,2, status,0, btemp+1, pclath, cstack
 Tracked objects:
		On entry : 
		On exit  : 
		Unchanged: 
 Data sizes:     COMMON   BANK0   BANK1   BANK3   BANK2
      Params:         0       0       0       0       0
      Locals:         0       0       0       0       0
      Temps:          0       0       0       0       0
      Totals:         0       0       0       0       0
Total ram usage:        0 bytes
 Hardware stack levels required when called:    7
 This function calls:
		_set_cur_l_1
		_TMR0_init
		_ADCInit
		_init_lcd
		_DDS_init
 This function is called by:
		Startup code after reset
 This function uses a non-reentrant model


 *************** function _DDS_init *****************
 Defined at:
		line 15 in file "dds.c"
 Parameters:    Size  Location     Type
		None
 Auto vars:     Size  Location     Type
		None
 Return value:  Size  Location     Type
		None               void
 Registers used:
		wreg, status,2, status,0, pclath, cstack
 Tracked objects:
		On entry : 
		On exit  : 
		Unchanged: 
 Data sizes:     COMMON   BANK0   BANK1   BANK3   BANK2
      Params:         0       0       0       0       0
      Locals:         0       0       0       0       0
      Temps:          0       0       0       0       0
      Totals:         0       0       0       0       0
Total ram usage:        0 bytes
 Hardware stack levels used:    1
 Hardware stack levels required when called:    6
 This function calls:
		_dataUpdate
 This function is called by:
		_main
 This function uses a non-reentrant model


 *************** function _dataUpdate *****************
 Defined at:
		line 59 in file "dds.c"
 Parameters:    Size  Location     Type
  sig             2    0[BANK1 ] int 
 Auto vars:     Size  Location     Type
		None
 Return value:  Size  Location     Type
		None               void
 Registers used:
		wreg
 Tracked objects:
		On entry : 
		On exit  : 
		Unchanged: 
 Data sizes:     COMMON   BANK0   BANK1   BANK3   BANK2
      Params:         0       0       2       0       0
      Locals:         0       0       0       0       0
      Temps:          0       0       1       0       0
      Totals:         0       0       3       0       0
Total ram usage:        3 bytes
 Hardware stack levels used:    1
 Hardware stack levels required when called:    5
 This function calls:
		Nothing
 This function is called by:
		_DDS_init
 This function uses a non-reentrant model


 *************** function _init_lcd *****************
 Defined at:
		line 16 in file "lcd.c"
 Parameters:    Size  Location     Type
		None
 Auto vars:     Size  Location     Type
		None
 Return value:  Size  Location     Type
		None               void
 Registers used:
		wreg, status,2, status,0, pclath, cstack
 Tracked objects:
		On entry : 
		On exit  : 
		Unchanged: 
 Data sizes:     COMMON   BANK0   BANK1   BANK3   BANK2
      Params:         0       0       0       0       0
      Locals:         0       0       0       0       0
      Temps:          0       0       0       0       0
      Totals:         0       0       0       0       0
Total ram usage:        0 bytes
 Hardware stack levels used:    1
 Hardware stack levels required when called:    6
 This function calls:
		_toggle
 This function is called by:
		_main
 This function uses a non-reentrant model


 *************** function _ADCInit *****************
 Defined at:
		line 8 in file "adc.c"
 Parameters:    Size  Location     Type
		None
 Auto vars:     Size  Location     Type
		None
 Return value:  Size  Location     Type
		None               void
 Registers used:
		wreg, status,2, status,0
 Tracked objects:
		On entry : 
		On exit  : 
		Unchanged: 
 Data sizes:     COMMON   BANK0   BANK1   BANK3   BANK2
      Params:         0       0       0       0       0
      Locals:         0       0       0       0       0
      Temps:          0       0       0       0       0
      Totals:         0       0       0       0       0
Total ram usage:        0 bytes
 Hardware stack levels used:    1
 Hardware stack levels required when called:    5
 This function calls:
		Nothing
 This function is called by:
		_main
 This function uses a non-reentrant model


 *************** function _TMR0_init *****************
 Defined at:
		line 231 in file "main.c"
 Parameters:    Size  Location     Type
		None
 Auto vars:     Size  Location     Type
		None
 Return value:  Size  Location     Type
		None               void
 Registers used:
		wreg, status,2
 Tracked objects:
		On entry : 
		On exit  : 
		Unchanged: 
 Data sizes:     COMMON   BANK0   BANK1   BANK3   BANK2
      Params:         0       0       0       0       0
      Locals:         0       0       0       0       0
      Temps:          0       0       0       0       0
      Totals:         0       0       0       0       0
Total ram usage:        0 bytes
 Hardware stack levels used:    1
 Hardware stack levels required when called:    5
 This function calls:
		Nothing
 This function is called by:
		_main
 This function uses a non-reentrant model


 *************** function _set_cur_l_1 *****************
 Defined at:
		line 54 in file "lcd.c"
 Parameters:    Size  Location     Type
		None
 Auto vars:     Size  Location     Type
		None
 Return value:  Size  Location     Type
		None               void
 Registers used:
		wreg, status,2, status,0, pclath, cstack
 Tracked objects:
		On entry : 
		On exit  : 
		Unchanged: 
 Data sizes:     COMMON   BANK0   BANK1   BANK3   BANK2
      Params:         0       0       0       0       0
      Locals:         0       0       0       0       0
      Temps:          0       0       0       0       0
      Totals:         0       0       0       0       0
Total ram usage:        0 bytes
 Hardware stack levels used:    1
 Hardware stack levels required when called:    6
 This function calls:
		_toggle
 This function is called by:
		_main
 This function uses a non-reentrant model


 *************** function _toggle *****************
 Defined at:
		line 8 in file "lcd.c"
 Parameters:    Size  Location     Type
		None
 Auto vars:     Size  Location     Type
		None
 Return value:  Size  Location     Type
		None               void
 Registers used:
		wreg
 Tracked objects:
		On entry : 
		On exit  : 
		Unchanged: 
 Data sizes:     COMMON   BANK0   BANK1   BANK3   BANK2
      Params:         0       0       0       0       0
      Locals:         0       0       0       0       0
      Temps:          0       0       2       0       0
      Totals:         0       0       2       0       0
Total ram usage:        2 bytes
 Hardware stack levels used:    1
 Hardware stack levels required when called:    5
 This function calls:
		Nothing
 This function is called by:
		_init_lcd
		_set_cur_l_1
		_set_cur_l_2
 This function uses a non-reentrant model


 *************** function _ISR *****************
 Defined at:
		line 129 in file "main.c"
 Parameters:    Size  Location     Type
		None
 Auto vars:     Size  Location     Type
  buffer         10   44[BANK0 ] unsigned char [10]
 Return value:  Size  Location     Type
		None               void
 Registers used:
		wreg, fsr0l, fsr0h, status,2, status,0, btemp+1, pclath, cstack
 Tracked objects:
		On entry : 
		On exit  : 
		Unchanged: 
 Data sizes:     COMMON   BANK0   BANK1   BANK3   BANK2
      Params:         0       0       0       0       0
      Locals:         0      10       0       0       0
      Temps:          0       7       0       0       0
      Totals:         0      17       0       0       0
Total ram usage:       17 bytes
 Hardware stack levels used:    1
 Hardware stack levels required when called:    4
 This function calls:
		_FloatToString
		_freq_to_string
		_set_cur
		_ReadVoltage
		_write_str
		_set_underline
		_update_dds
		i1_set_cur_l_1
 This function is called by:
		Interrupt level 1
 This function uses a non-reentrant model


 *************** function i1_set_cur_l_1 *****************
 Defined at:
		line 54 in file "lcd.c"
 Parameters:    Size  Location     Type
		None
 Auto vars:     Size  Location     Type
		None
 Return value:  Size  Location     Type
		None               void
 Registers used:
		wreg, status,2, status,0, pclath, cstack
 Tracked objects:
		On entry : 
		On exit  : 
		Unchanged: 
 Data sizes:     COMMON   BANK0   BANK1   BANK3   BANK2
      Params:         0       0       0       0       0
      Locals:         0       0       0       0       0
      Temps:          0       0       0       0       0
      Totals:         0       0       0       0       0
Total ram usage:        0 bytes
 Hardware stack levels used:    1
 Hardware stack levels required when called:    1
 This function calls:
		i1_toggle
 This function is called by:
		_ISR
 This function uses a non-reentrant model


 *************** function _update_dds *****************
 Defined at:
		line 102 in file "dds.c"
 Parameters:    Size  Location     Type
  frequency       4   33[BANK0 ] unsigned long 
 Auto vars:     Size  Location     Type
		None
 Return value:  Size  Location     Type
		None               void
 Registers used:
		wreg, status,2, status,0, btemp+1, pclath, cstack
 Tracked objects:
		On entry : 
		On exit  : 
		Unchanged: 
 Data sizes:     COMMON   BANK0   BANK1   BANK3   BANK2
      Params:         0       4       0       0       0
      Locals:         0       0       0       0       0
      Temps:          0       0       0       0       0
      Totals:         0       4       0       0       0
Total ram usage:        4 bytes
 Hardware stack levels used:    1
 Hardware stack levels required when called:    3
 This function calls:
		_frequencyUpdate
		_load_freq
		_calculate_frequency
		i1_dataUpdate
 This function is called by:
		_ISR
 This function uses a non-reentrant model


 *************** function _calculate_frequency *****************
 Defined at:
		line 90 in file "dds.c"
 Parameters:    Size  Location     Type
  frequency       4   16[BANK0 ] unsigned long 
 Auto vars:     Size  Location     Type
  tmp             3   20[BANK0 ] unsigned long 
 Return value:  Size  Location     Type
                  4   16[BANK0 ] long 
 Registers used:
		wreg, status,2, status,0, pclath, cstack
 Tracked objects:
		On entry : 
		On exit  : 
		Unchanged: 
 Data sizes:     COMMON   BANK0   BANK1   BANK3   BANK2
      Params:         0       4       0       0       0
      Locals:         0       3       0       0       0
      Temps:          0       0       0       0       0
      Totals:         0       7       0       0       0
Total ram usage:        7 bytes
 Hardware stack levels used:    1
 Hardware stack levels required when called:    2
 This function calls:
		___ftmul
		___fttol
		___lltoft
 This function is called by:
		_update_dds
 This function uses a non-reentrant model


 *************** function ___lltoft *****************
 Defined at:
		line 36 in file "C:\Program Files (x86)\Microchip\xc8\v1.21\sources\pic\lltoft.c"
 Parameters:    Size  Location     Type
  c               4    8[COMMON] unsigned long 
 Auto vars:     Size  Location     Type
  exp             1   13[COMMON] unsigned char 
 Return value:  Size  Location     Type
                  3    8[COMMON] float 
 Registers used:
		wreg, status,2, status,0, pclath, cstack
 Tracked objects:
		On entry : 
		On exit  : 
		Unchanged: 
 Data sizes:     COMMON   BANK0   BANK1   BANK3   BANK2
      Params:         4       0       0       0       0
      Locals:         1       0       0       0       0
      Temps:          1       0       0       0       0
      Totals:         6       0       0       0       0
Total ram usage:        6 bytes
 Hardware stack levels used:    1
 Hardware stack levels required when called:    1
 This function calls:
		___ftpack
 This function is called by:
		_calculate_frequency
 This function uses a non-reentrant model


 *************** function _load_freq *****************
 Defined at:
		line 75 in file "dds.c"
 Parameters:    Size  Location     Type
  freq            4   23[BANK0 ] unsigned long 
 Auto vars:     Size  Location     Type
  i               2   31[BANK0 ] int 
 Return value:  Size  Location     Type
		None               void
 Registers used:
		wreg, status,2, status,0, btemp+1, pclath, cstack
 Tracked objects:
		On entry : 
		On exit  : 
		Unchanged: 
 Data sizes:     COMMON   BANK0   BANK1   BANK3   BANK2
      Params:         0       4       0       0       0
      Locals:         0       2       0       0       0
      Temps:          0       4       0       0       0
      Totals:         0      10       0       0       0
Total ram usage:       10 bytes
 Hardware stack levels used:    1
 Hardware stack levels required when called:    1
 This function calls:
		i1_dataUpdate
 This function is called by:
		_update_dds
 This function uses a non-reentrant model


 *************** function i1_dataUpdate *****************
 Defined at:
		line 59 in file "dds.c"
 Parameters:    Size  Location     Type
  sig             2    0[COMMON] int 
 Auto vars:     Size  Location     Type
		None
 Return value:  Size  Location     Type
		None               void
 Registers used:
		wreg
 Tracked objects:
		On entry : 
		On exit  : 
		Unchanged: 
 Data sizes:     COMMON   BANK0   BANK1   BANK3   BANK2
      Params:         2       0       0       0       0
      Locals:         0       0       0       0       0
      Temps:          1       0       0       0       0
      Totals:         3       0       0       0       0
Total ram usage:        3 bytes
 Hardware stack levels used:    1
 This function calls:
		Nothing
 This function is called by:
		_load_freq
		_update_dds
 This function uses a non-reentrant model


 *************** function _frequencyUpdate *****************
 Defined at:
		line 44 in file "dds.c"
 Parameters:    Size  Location     Type
		None
 Auto vars:     Size  Location     Type
		None
 Return value:  Size  Location     Type
		None               void
 Registers used:
		None
 Tracked objects:
		On entry : 
		On exit  : 
		Unchanged: 
 Data sizes:     COMMON   BANK0   BANK1   BANK3   BANK2
      Params:         0       0       0       0       0
      Locals:         0       0       0       0       0
      Temps:          0       0       0       0       0
      Totals:         0       0       0       0       0
Total ram usage:        0 bytes
 Hardware stack levels used:    1
 This function calls:
		Nothing
 This function is called by:
		_update_dds
 This function uses a non-reentrant model


 *************** function _set_underline *****************
 Defined at:
		line 78 in file "lcd.c"
 Parameters:    Size  Location     Type
  offset          1    wreg     unsigned char 
 Auto vars:     Size  Location     Type
  offset          1    4[COMMON] unsigned char 
 Return value:  Size  Location     Type
		None               void
 Registers used:
		wreg, status,2, status,0, pclath, cstack
 Tracked objects:
		On entry : 
		On exit  : 
		Unchanged: 
 Data sizes:     COMMON   BANK0   BANK1   BANK3   BANK2
      Params:         0       0       0       0       0
      Locals:         1       0       0       0       0
      Temps:          2       0       0       0       0
      Totals:         3       0       0       0       0
Total ram usage:        3 bytes
 Hardware stack levels used:    1
 Hardware stack levels required when called:    1
 This function calls:
		i1_toggle
 This function is called by:
		_ISR
 This function uses a non-reentrant model


 *************** function _write_str *****************
 Defined at:
		line 92 in file "lcd.c"
 Parameters:    Size  Location     Type
  str             2    3[COMMON] PTR const unsigned char 
		 -> STR_1(2), ISR@buffer(10), 
  length          2    5[COMMON] int 
 Auto vars:     Size  Location     Type
  i               2    8[COMMON] int 
 Return value:  Size  Location     Type
		None               void
 Registers used:
		wreg, fsr0l, fsr0h, status,2, status,0, btemp+1, pclath, cstack
 Tracked objects:
		On entry : 
		On exit  : 
		Unchanged: 
 Data sizes:     COMMON   BANK0   BANK1   BANK3   BANK2
      Params:         4       0       0       0       0
      Locals:         2       0       0       0       0
      Temps:          1       0       0       0       0
      Totals:         7       0       0       0       0
Total ram usage:        7 bytes
 Hardware stack levels used:    1
 Hardware stack levels required when called:    2
 This function calls:
		_write_char
 This function is called by:
		_ISR
 This function uses a non-reentrant model


 *************** function _write_char *****************
 Defined at:
		line 46 in file "lcd.c"
 Parameters:    Size  Location     Type
  c               1    wreg     unsigned char 
 Auto vars:     Size  Location     Type
  c               1    2[COMMON] unsigned char 
 Return value:  Size  Location     Type
		None               void
 Registers used:
		wreg, status,2, status,0, pclath, cstack
 Tracked objects:
		On entry : 
		On exit  : 
		Unchanged: 
 Data sizes:     COMMON   BANK0   BANK1   BANK3   BANK2
      Params:         0       0       0       0       0
      Locals:         1       0       0       0       0
      Temps:          0       0       0       0       0
      Totals:         1       0       0       0       0
Total ram usage:        1 bytes
 Hardware stack levels used:    1
 Hardware stack levels required when called:    1
 This function calls:
		i1_toggle
 This function is called by:
		_write_str
 This function uses a non-reentrant model


 *************** function _ReadVoltage *****************
 Defined at:
		line 45 in file "adc.c"
 Parameters:    Size  Location     Type
  ch              2   16[BANK0 ] int 
 Auto vars:     Size  Location     Type
  adc_value       3   20[BANK0 ] float 
 Return value:  Size  Location     Type
                  3   16[BANK0 ] float 
 Registers used:
		wreg, status,2, status,0, btemp+1, pclath, cstack
 Tracked objects:
		On entry : 
		On exit  : 
		Unchanged: 
 Data sizes:     COMMON   BANK0   BANK1   BANK3   BANK2
      Params:         0       3       0       0       0
      Locals:         0       3       0       0       0
      Temps:          0       1       0       0       0
      Totals:         0       7       0       0       0
Total ram usage:        7 bytes
 Hardware stack levels used:    1
 Hardware stack levels required when called:    2
 This function calls:
		_ReadADC
		___awtoft
		___ftadd
		___ftdiv
		___ftmul
 This function is called by:
		_ISR
 This function uses a non-reentrant model


 *************** function ___ftdiv *****************
 Defined at:
		line 50 in file "C:\Program Files (x86)\Microchip\xc8\v1.21\sources\pic\ftdiv.c"
 Parameters:    Size  Location     Type
  f2              3    8[COMMON] float 
  f1              3   11[COMMON] float 
 Auto vars:     Size  Location     Type
  f3              3    5[BANK0 ] float 
  sign            1    9[BANK0 ] unsigned char 
  exp             1    8[BANK0 ] unsigned char 
  cntr            1    4[BANK0 ] unsigned char 
 Return value:  Size  Location     Type
                  3    8[COMMON] float 
 Registers used:
		wreg, status,2, status,0, pclath, cstack
 Tracked objects:
		On entry : 
		On exit  : 
		Unchanged: 
 Data sizes:     COMMON   BANK0   BANK1   BANK3   BANK2
      Params:         6       0       0       0       0
      Locals:         0       6       0       0       0
      Temps:          0       4       0       0       0
      Totals:         6      10       0       0       0
Total ram usage:       16 bytes
 Hardware stack levels used:    1
 Hardware stack levels required when called:    1
 This function calls:
		___ftpack
 This function is called by:
		_ReadVoltage
 This function uses a non-reentrant model


 *************** function ___awtoft *****************
 Defined at:
		line 33 in file "C:\Program Files (x86)\Microchip\xc8\v1.21\sources\pic\awtoft.c"
 Parameters:    Size  Location     Type
  c               2    8[COMMON] int 
 Auto vars:     Size  Location     Type
  sign            1   13[COMMON] unsigned char 
 Return value:  Size  Location     Type
                  3    8[COMMON] float 
 Registers used:
		wreg, status,2, status,0, pclath, cstack
 Tracked objects:
		On entry : 
		On exit  : 
		Unchanged: 
 Data sizes:     COMMON   BANK0   BANK1   BANK3   BANK2
      Params:         3       0       0       0       0
      Locals:         1       0       0       0       0
      Temps:          2       0       0       0       0
      Totals:         6       0       0       0       0
Total ram usage:        6 bytes
 Hardware stack levels used:    1
 Hardware stack levels required when called:    1
 This function calls:
		___ftpack
 This function is called by:
		_ReadVoltage
 This function uses a non-reentrant model


 *************** function _ReadADC *****************
 Defined at:
		line 26 in file "adc.c"
 Parameters:    Size  Location     Type
  ch              2    0[COMMON] int 
 Auto vars:     Size  Location     Type
		None
 Return value:  Size  Location     Type
                  2    0[COMMON] int 
 Registers used:
		wreg, status,2, status,0, btemp+1
 Tracked objects:
		On entry : 
		On exit  : 
		Unchanged: 
 Data sizes:     COMMON   BANK0   BANK1   BANK3   BANK2
      Params:         2       0       0       0       0
      Locals:         0       0       0       0       0
      Temps:          1       0       0       0       0
      Totals:         3       0       0       0       0
Total ram usage:        3 bytes
 Hardware stack levels used:    1
 This function calls:
		Nothing
 This function is called by:
		_ReadVoltage
 This function uses a non-reentrant model


 *************** function _set_cur *****************
 Defined at:
		line 70 in file "lcd.c"
 Parameters:    Size  Location     Type
  offset          1    wreg     unsigned char 
 Auto vars:     Size  Location     Type
  offset          1    2[COMMON] unsigned char 
 Return value:  Size  Location     Type
		None               void
 Registers used:
		wreg, status,2, status,0, pclath, cstack
 Tracked objects:
		On entry : 
		On exit  : 
		Unchanged: 
 Data sizes:     COMMON   BANK0   BANK1   BANK3   BANK2
      Params:         0       0       0       0       0
      Locals:         1       0       0       0       0
      Temps:          0       0       0       0       0
      Totals:         1       0       0       0       0
Total ram usage:        1 bytes
 Hardware stack levels used:    1
 Hardware stack levels required when called:    1
 This function calls:
		i1_toggle
 This function is called by:
		_ISR
 This function uses a non-reentrant model


 *************** function i1_toggle *****************
 Defined at:
		line 8 in file "lcd.c"
 Parameters:    Size  Location     Type
		None
 Auto vars:     Size  Location     Type
		None
 Return value:  Size  Location     Type
		None               void
 Registers used:
		wreg
 Tracked objects:
		On entry : 
		On exit  : 
		Unchanged: 
 Data sizes:     COMMON   BANK0   BANK1   BANK3   BANK2
      Params:         0       0       0       0       0
      Locals:         0       0       0       0       0
      Temps:          2       0       0       0       0
      Totals:         2       0       0       0       0
Total ram usage:        2 bytes
 Hardware stack levels used:    1
 This function calls:
		Nothing
 This function is called by:
		_write_char
		_set_cur
		_set_underline
		i1_set_cur_l_1
 This function uses a non-reentrant model


 *************** function _freq_to_string *****************
 Defined at:
		line 108 in file "main.c"
 Parameters:    Size  Location     Type
  buf             1    wreg     PTR unsigned char 
		 -> ISR@buffer(10), 
  val             4    0[BANK0 ] unsigned long 
 Auto vars:     Size  Location     Type
  buf             1    6[BANK0 ] PTR unsigned char 
		 -> ISR@buffer(10), 
  i               2    7[BANK0 ] int 
 Return value:  Size  Location     Type
		None               void
 Registers used:
		wreg, fsr0l, fsr0h, status,2, status,0, pclath, cstack
 Tracked objects:
		On entry : 
		On exit  : 
		Unchanged: 
 Data sizes:     COMMON   BANK0   BANK1   BANK3   BANK2
      Params:         0       4       0       0       0
      Locals:         0       3       0       0       0
      Temps:          0       2       0       0       0
      Totals:         0       9       0       0       0
Total ram usage:        9 bytes
 Hardware stack levels used:    1
 Hardware stack levels required when called:    1
 This function calls:
		___lldiv
		___llmod
 This function is called by:
		_ISR
 This function uses a non-reentrant model


 *************** function ___llmod *****************
 Defined at:
		line 5 in file "C:\Program Files (x86)\Microchip\xc8\v1.21\sources\pic\llmod.c"
 Parameters:    Size  Location     Type
  divisor         4    0[COMMON] unsigned long 
  dividend        4    4[COMMON] unsigned long 
 Auto vars:     Size  Location     Type
  counter         1    9[COMMON] unsigned char 
 Return value:  Size  Location     Type
                  4    0[COMMON] unsigned long 
 Registers used:
		wreg, status,2, status,0
 Tracked objects:
		On entry : 
		On exit  : 
		Unchanged: 
 Data sizes:     COMMON   BANK0   BANK1   BANK3   BANK2
      Params:         8       0       0       0       0
      Locals:         1       0       0       0       0
      Temps:          1       0       0       0       0
      Totals:        10       0       0       0       0
Total ram usage:       10 bytes
 Hardware stack levels used:    1
 This function calls:
		Nothing
 This function is called by:
		_freq_to_string
 This function uses a non-reentrant model


 *************** function ___lldiv *****************
 Defined at:
		line 5 in file "C:\Program Files (x86)\Microchip\xc8\v1.21\sources\pic\lldiv.c"
 Parameters:    Size  Location     Type
  divisor         4    0[COMMON] unsigned long 
  dividend        4    4[COMMON] unsigned long 
 Auto vars:     Size  Location     Type
  quotient        4    9[COMMON] unsigned long 
  counter         1   13[COMMON] unsigned char 
 Return value:  Size  Location     Type
                  4    0[COMMON] unsigned long 
 Registers used:
		wreg, status,2, status,0
 Tracked objects:
		On entry : 
		On exit  : 
		Unchanged: 
 Data sizes:     COMMON   BANK0   BANK1   BANK3   BANK2
      Params:         8       0       0       0       0
      Locals:         5       0       0       0       0
      Temps:          1       0       0       0       0
      Totals:        14       0       0       0       0
Total ram usage:       14 bytes
 Hardware stack levels used:    1
 This function calls:
		Nothing
 This function is called by:
		_freq_to_string
 This function uses a non-reentrant model


 *************** function _FloatToString *****************
 Defined at:
		line 73 in file "main.c"
 Parameters:    Size  Location     Type
  str             1    wreg     PTR unsigned char 
		 -> ISR@buffer(10), 
  f               3   23[BANK0 ] float 
  size            1   26[BANK0 ] unsigned char 
 Auto vars:     Size  Location     Type
  str             1   33[BANK0 ] PTR unsigned char 
		 -> ISR@buffer(10), 
  value           2   35[BANK0 ] unsigned int 
  pos             1   34[BANK0 ] unsigned char 
  len             1   32[BANK0 ] unsigned char 
  curr            1   31[BANK0 ] unsigned char 
 Return value:  Size  Location     Type
		None               void
 Registers used:
		wreg, fsr0l, fsr0h, status,2, status,0, pclath, cstack
 Tracked objects:
		On entry : 
		On exit  : 
		Unchanged: 
 Data sizes:     COMMON   BANK0   BANK1   BANK3   BANK2
      Params:         0       4       0       0       0
      Locals:         0       6       0       0       0
      Temps:          0       4       0       0       0
      Totals:         0      14       0       0       0
Total ram usage:       14 bytes
 Hardware stack levels used:    1
 Hardware stack levels required when called:    2
 This function calls:
		_utoa
		_strlen
		___ftadd
		___ftge
		___ftmul
		___ftneg
		___fttol
		___lwtoft
		___wmul
 This function is called by:
		_ISR
 This function uses a non-reentrant model


 *************** function ___wmul *****************
 Defined at:
		line 3 in file "C:\Program Files (x86)\Microchip\xc8\v1.21\sources\pic\wmul.c"
 Parameters:    Size  Location     Type
  multiplier      2    0[COMMON] unsigned int 
  multiplicand    2    2[COMMON] unsigned int 
 Auto vars:     Size  Location     Type
  product         2    4[COMMON] unsigned int 
 Return value:  Size  Location     Type
                  2    0[COMMON] unsigned int 
 Registers used:
		wreg, status,2, status,0
 Tracked objects:
		On entry : 
		On exit  : 
		Unchanged: 
 Data sizes:     COMMON   BANK0   BANK1   BANK3   BANK2
      Params:         4       0       0       0       0
      Locals:         2       0       0       0       0
      Temps:          0       0       0       0       0
      Totals:         6       0       0       0       0
Total ram usage:        6 bytes
 Hardware stack levels used:    1
 This function calls:
		Nothing
 This function is called by:
		_FloatToString
 This function uses a non-reentrant model


 *************** function ___lwtoft *****************
 Defined at:
		line 29 in file "C:\Program Files (x86)\Microchip\xc8\v1.21\sources\pic\lwtoft.c"
 Parameters:    Size  Location     Type
  c               2   11[COMMON] unsigned int 
 Auto vars:     Size  Location     Type
		None
 Return value:  Size  Location     Type
                  3   11[COMMON] float 
 Registers used:
		wreg, status,2, status,0, pclath, cstack
 Tracked objects:
		On entry : 
		On exit  : 
		Unchanged: 
 Data sizes:     COMMON   BANK0   BANK1   BANK3   BANK2
      Params:         3       0       0       0       0
      Locals:         0       0       0       0       0
      Temps:          0       1       0       0       0
      Totals:         3       1       0       0       0
Total ram usage:        4 bytes
 Hardware stack levels used:    1
 Hardware stack levels required when called:    1
 This function calls:
		___ftpack
 This function is called by:
		_FloatToString
 This function uses a non-reentrant model


 *************** function ___fttol *****************
 Defined at:
		line 45 in file "C:\Program Files (x86)\Microchip\xc8\v1.21\sources\pic\fttol.c"
 Parameters:    Size  Location     Type
  f1              3    0[COMMON] float 
 Auto vars:     Size  Location     Type
  lval            4    9[COMMON] unsigned long 
  exp1            1   13[COMMON] unsigned char 
  sign1           1    8[COMMON] unsigned char 
 Return value:  Size  Location     Type
                  4    0[COMMON] long 
 Registers used:
		wreg, status,2, status,0
 Tracked objects:
		On entry : 
		On exit  : 
		Unchanged: 
 Data sizes:     COMMON   BANK0   BANK1   BANK3   BANK2
      Params:         4       0       0       0       0
      Locals:         6       0       0       0       0
      Temps:          4       0       0       0       0
      Totals:        14       0       0       0       0
Total ram usage:       14 bytes
 Hardware stack levels used:    1
 This function calls:
		Nothing
 This function is called by:
		_FloatToString
		_calculate_frequency
 This function uses a non-reentrant model


 *************** function ___ftneg *****************
 Defined at:
		line 16 in file "C:\Program Files (x86)\Microchip\xc8\v1.21\sources\pic\ftneg.c"
 Parameters:    Size  Location     Type
  f1              3    8[COMMON] float 
 Auto vars:     Size  Location     Type
		None
 Return value:  Size  Location     Type
                  3    8[COMMON] float 
 Registers used:
		wreg
 Tracked objects:
		On entry : 
		On exit  : 
		Unchanged: 
 Data sizes:     COMMON   BANK0   BANK1   BANK3   BANK2
      Params:         3       0       0       0       0
      Locals:         0       0       0       0       0
      Temps:          0       0       0       0       0
      Totals:         3       0       0       0       0
Total ram usage:        3 bytes
 Hardware stack levels used:    1
 This function calls:
		Nothing
 This function is called by:
		_FloatToString
 This function uses a non-reentrant model


 *************** function ___ftmul *****************
 Defined at:
		line 52 in file "C:\Program Files (x86)\Microchip\xc8\v1.21\sources\pic\ftmul.c"
 Parameters:    Size  Location     Type
  f1              3    0[BANK0 ] float 
  f2              3    3[BANK0 ] float 
 Auto vars:     Size  Location     Type
  f3_as_produc    3   11[BANK0 ] unsigned um
  sign            1   15[BANK0 ] unsigned char 
  cntr            1   14[BANK0 ] unsigned char 
  exp             1   10[BANK0 ] unsigned char 
 Return value:  Size  Location     Type
                  3    0[BANK0 ] float 
 Registers used:
		wreg, status,2, status,0, pclath, cstack
 Tracked objects:
		On entry : 
		On exit  : 
		Unchanged: 
 Data sizes:     COMMON   BANK0   BANK1   BANK3   BANK2
      Params:         0       6       0       0       0
      Locals:         0       6       0       0       0
      Temps:          0       4       0       0       0
      Totals:         0      16       0       0       0
Total ram usage:       16 bytes
 Hardware stack levels used:    1
 Hardware stack levels required when called:    1
 This function calls:
		___ftpack
 This function is called by:
		_FloatToString
		_ReadVoltage
		_calculate_frequency
 This function uses a non-reentrant model


 *************** function ___ftpack *****************
 Defined at:
		line 63 in file "C:\Program Files (x86)\Microchip\xc8\v1.21\sources\pic\float.c"
 Parameters:    Size  Location     Type
  arg             3    0[COMMON] unsigned um
  exp             1    3[COMMON] unsigned char 
  sign            1    4[COMMON] unsigned char 
 Auto vars:     Size  Location     Type
		None
 Return value:  Size  Location     Type
                  3    0[COMMON] float 
 Registers used:
		wreg, status,2, status,0
 Tracked objects:
		On entry : 
		On exit  : 
		Unchanged: 
 Data sizes:     COMMON   BANK0   BANK1   BANK3   BANK2
      Params:         5       0       0       0       0
      Locals:         0       0       0       0       0
      Temps:          3       0       0       0       0
      Totals:         8       0       0       0       0
Total ram usage:        8 bytes
 Hardware stack levels used:    1
 This function calls:
		Nothing
 This function is called by:
		___awtoft
		___ftadd
		___ftdiv
		___ftmul
		___lltoft
		___lwtoft
 This function uses a non-reentrant model


 *************** function ___ftge *****************
 Defined at:
		line 5 in file "C:\Program Files (x86)\Microchip\xc8\v1.21\sources\pic\ftge.c"
 Parameters:    Size  Location     Type
  ff1             3    0[COMMON] float 
  ff2             3    3[COMMON] float 
 Auto vars:     Size  Location     Type
		None
 Return value:  Size  Location     Type
		None               void
 Registers used:
		wreg, status,2, status,0
 Tracked objects:
		On entry : 
		On exit  : 
		Unchanged: 
 Data sizes:     COMMON   BANK0   BANK1   BANK3   BANK2
      Params:         6       0       0       0       0
      Locals:         0       0       0       0       0
      Temps:          6       0       0       0       0
      Totals:        12       0       0       0       0
Total ram usage:       12 bytes
 Hardware stack levels used:    1
 This function calls:
		Nothing
 This function is called by:
		_FloatToString
 This function uses a non-reentrant model


 *************** function ___ftadd *****************
 Defined at:
		line 87 in file "C:\Program Files (x86)\Microchip\xc8\v1.21\sources\pic\ftadd.c"
 Parameters:    Size  Location     Type
  f1              3    1[BANK0 ] float 
  f2              3    4[BANK0 ] float 
 Auto vars:     Size  Location     Type
  exp1            1   13[BANK0 ] unsigned char 
  exp2            1   12[BANK0 ] unsigned char 
  sign            1   11[BANK0 ] unsigned char 
 Return value:  Size  Location     Type
                  3    1[BANK0 ] float 
 Registers used:
		wreg, status,2, status,0, pclath, cstack
 Tracked objects:
		On entry : 
		On exit  : 
		Unchanged: 
 Data sizes:     COMMON   BANK0   BANK1   BANK3   BANK2
      Params:         0       6       0       0       0
      Locals:         0       3       0       0       0
      Temps:          0       4       0       0       0
      Totals:         0      13       0       0       0
Total ram usage:       13 bytes
 Hardware stack levels used:    1
 Hardware stack levels required when called:    1
 This function calls:
		___ftpack
 This function is called by:
		_FloatToString
		_ReadVoltage
 This function uses a non-reentrant model


 *************** function _strlen *****************
 Defined at:
		line 5 in file "C:\Program Files (x86)\Microchip\xc8\v1.21\sources\common\strlen.c"
 Parameters:    Size  Location     Type
  s               1    wreg     PTR const unsigned char 
		 -> ISR@buffer(10), 
 Auto vars:     Size  Location     Type
  s               1    6[COMMON] PTR const unsigned char 
		 -> ISR@buffer(10), 
  cp              1    7[COMMON] PTR const unsigned char 
		 -> ISR@buffer(10), 
 Return value:  Size  Location     Type
                  2    0[COMMON] unsigned int 
 Registers used:
		wreg, fsr0l, fsr0h, status,2, status,0
 Tracked objects:
		On entry : 
		On exit  : 
		Unchanged: 
 Data sizes:     COMMON   BANK0   BANK1   BANK3   BANK2
      Params:         2       0       0       0       0
      Locals:         2       0       0       0       0
      Temps:          4       0       0       0       0
      Totals:         8       0       0       0       0
Total ram usage:        8 bytes
 Hardware stack levels used:    1
 This function calls:
		Nothing
 This function is called by:
		_FloatToString
 This function uses a non-reentrant model


 *************** function _utoa *****************
 Defined at:
		line 18 in file "C:\Program Files (x86)\Microchip\xc8\v1.21\sources\common\itoa.c"
 Parameters:    Size  Location     Type
  buf             1    wreg     PTR unsigned char 
		 -> ISR@buffer(10), 
  val             2    8[COMMON] unsigned int 
  base            2   10[COMMON] int 
 Auto vars:     Size  Location     Type
  buf             1    3[BANK0 ] PTR unsigned char 
		 -> ISR@buffer(10), 
  v               2    0[BANK0 ] unsigned int 
  c               1    2[BANK0 ] unsigned char 
 Return value:  Size  Location     Type
                  1    wreg      PTR unsigned char 
 Registers used:
		wreg, fsr0l, fsr0h, status,2, status,0, pclath, cstack
 Tracked objects:
		On entry : 
		On exit  : 
		Unchanged: 
 Data sizes:     COMMON   BANK0   BANK1   BANK3   BANK2
      Params:         4       0       0       0       0
      Locals:         0       4       0       0       0
      Temps:          1       0       0       0       0
      Totals:         5       4       0       0       0
Total ram usage:        9 bytes
 Hardware stack levels used:    1
 Hardware stack levels required when called:    1
 This function calls:
		___lwdiv
		___lwmod
 This function is called by:
		_FloatToString
 This function uses a non-reentrant model


 *************** function ___lwmod *****************
 Defined at:
		line 5 in file "C:\Program Files (x86)\Microchip\xc8\v1.21\sources\pic\lwmod.c"
 Parameters:    Size  Location     Type
  divisor         2    0[COMMON] unsigned int 
  dividend        2    2[COMMON] unsigned int 
 Auto vars:     Size  Location     Type
  counter         1    5[COMMON] unsigned char 
 Return value:  Size  Location     Type
                  2    0[COMMON] unsigned int 
 Registers used:
		wreg, status,2, status,0
 Tracked objects:
		On entry : 
		On exit  : 
		Unchanged: 
 Data sizes:     COMMON   BANK0   BANK1   BANK3   BANK2
      Params:         4       0       0       0       0
      Locals:         1       0       0       0       0
      Temps:          1       0       0       0       0
      Totals:         6       0       0       0       0
Total ram usage:        6 bytes
 Hardware stack levels used:    1
 This function calls:
		Nothing
 This function is called by:
		_utoa
 This function uses a non-reentrant model


 *************** function ___lwdiv *****************
 Defined at:
		line 5 in file "C:\Program Files (x86)\Microchip\xc8\v1.21\sources\pic\lwdiv.c"
 Parameters:    Size  Location     Type
  divisor         2    0[COMMON] unsigned int 
  dividend        2    2[COMMON] unsigned int 
 Auto vars:     Size  Location     Type
  quotient        2    5[COMMON] unsigned int 
  counter         1    7[COMMON] unsigned char 
 Return value:  Size  Location     Type
                  2    0[COMMON] unsigned int 
 Registers used:
		wreg, status,2, status,0
 Tracked objects:
		On entry : 
		On exit  : 
		Unchanged: 
 Data sizes:     COMMON   BANK0   BANK1   BANK3   BANK2
      Params:         4       0       0       0       0
      Locals:         3       0       0       0       0
      Temps:          1       0       0       0       0
      Totals:         8       0       0       0       0
Total ram usage:        8 bytes
 Hardware stack levels used:    1
 This function calls:
		Nothing
 This function is called by:
		_utoa
 This function uses a non-reentrant model



MODULE INFORMATION

Module		Function		Class		Link	Load	Size
dds.c
		_calculate_freq		CODE           	0D3B	0000	62
		_DDS_init      		CODE           	0E17	0000	90
		_load_freq     		CODE           	0CFD	0000	62
		_update_dds    		CODE           	0773	0000	111
		_dataUpdate    		CODE           	0B94	0000	35
		_frequencyUpdat		CODE           	0A8F	0000	5

dds.c estimated size: 365

C:\Program Files (x86)\Microchip\xc8\v1.21\sources\pic\awtoft.c
		___awtoft      		CODE           	0B2F	0000	33

C:\Program Files (x86)\Microchip\xc8\v1.21\sources\pic\awtoft.c estimated size: 33

C:\Program Files (x86)\Microchip\xc8\v1.21\sources\pic\lltoft.c
		___lltoft      		CODE           	0C02	0000	43

C:\Program Files (x86)\Microchip\xc8\v1.21\sources\pic\lltoft.c estimated size: 43

C:\Program Files (x86)\Microchip\xc8\v1.21\sources\pic\lwmod.c
		___lwmod       		CODE           	0C8B	0000	52

C:\Program Files (x86)\Microchip\xc8\v1.21\sources\pic\lwmod.c estimated size: 52

C:\Program Files (x86)\Microchip\xc8\v1.21\sources\pic\ftadd.c
		___ftadd       		CODE           	02EA	0000	265

C:\Program Files (x86)\Microchip\xc8\v1.21\sources\pic\ftadd.c estimated size: 265

C:\Program Files (x86)\Microchip\xc8\v1.21\sources\pic\lwtoft.c
		___lwtoft      		CODE           	0B19	0000	22

C:\Program Files (x86)\Microchip\xc8\v1.21\sources\pic\lwtoft.c estimated size: 22

C:\Program Files (x86)\Microchip\xc8\v1.21\sources\pic\lwdiv.c
		___lwdiv       		CODE           	0CBF	0000	62

C:\Program Files (x86)\Microchip\xc8\v1.21\sources\pic\lwdiv.c estimated size: 62

adc.c
		_ReadVoltage   		CODE           	03F3	0000	237
		_ADCInit       		CODE           	0B07	0000	18
		_ReadADC       		CODE           	0C2D	0000	44

adc.c estimated size: 299

C:\Program Files (x86)\Microchip\xc8\v1.21\sources\pic\float.c
		___ftpack      		CODE           	0F2C	0000	104

C:\Program Files (x86)\Microchip\xc8\v1.21\sources\pic\float.c estimated size: 104

shared
		__stringtab    		STRING         	0800	0000	16
		__stringdata   		STRING         	081A	0000	2
		i1_set_cur_l_1 		CODE           	0AA4	0000	9
		i1_dataUpdate  		CODE           	07E2	0000	29
		freq_to_string@		STRING         	0810	0000	10
		__initializatio		CODE           	0015	0000	12
		i1_toggle      		CODE           	0AD4	0000	16

shared estimated size: 94

C:\Program Files (x86)\Microchip\xc8\v1.21\sources\common\itoa.c
		_utoa          		CODE           	06F5	0000	126

C:\Program Files (x86)\Microchip\xc8\v1.21\sources\common\itoa.c estimated size: 126

main.c
		_ISR           		CODE           	0025	0000	443
		_main          		CODE           	0B50	0000	33
		_TMR0_init     		CODE           	0A9C	0000	8
		_freq_to_string		CODE           	0F94	0000	108
		_FloatToString 		CODE           	01E0	0000	266

main.c estimated size: 858

C:\Program Files (x86)\Microchip\xc8\v1.21\sources\common\strlen.c
		_strlen        		CODE           	0BDC	0000	38

C:\Program Files (x86)\Microchip\xc8\v1.21\sources\common\strlen.c estimated size: 38

C:\Program Files (x86)\Microchip\xc8\v1.21\sources\pic\llmod.c
		___llmod       		CODE           	0D79	0000	76

C:\Program Files (x86)\Microchip\xc8\v1.21\sources\pic\llmod.c estimated size: 76

C:\Program Files (x86)\Microchip\xc8\v1.21\sources\pic\ftdiv.c
		___ftdiv       		CODE           	05B3	0000	182

C:\Program Files (x86)\Microchip\xc8\v1.21\sources\pic\ftdiv.c estimated size: 182

C:\Program Files (x86)\Microchip\xc8\v1.21\sources\pic\lldiv.c
		___lldiv       		CODE           	0ECE	0000	94

C:\Program Files (x86)\Microchip\xc8\v1.21\sources\pic\lldiv.c estimated size: 94

C:\Program Files (x86)\Microchip\xc8\v1.21\sources\pic\ftneg.c
		___ftneg       		CODE           	0A94	0000	8

C:\Program Files (x86)\Microchip\xc8\v1.21\sources\pic\ftneg.c estimated size: 8

C:\Program Files (x86)\Microchip\xc8\v1.21\sources\pic\ftge.c
		___ftge        		CODE           	0E71	0000	93

C:\Program Files (x86)\Microchip\xc8\v1.21\sources\pic\ftge.c estimated size: 93

C:\Program Files (x86)\Microchip\xc8\v1.21\sources\pic\wmul.c
		___wmul        		CODE           	0B71	0000	35

C:\Program Files (x86)\Microchip\xc8\v1.21\sources\pic\wmul.c estimated size: 35

C:\Program Files (x86)\Microchip\xc8\v1.21\sources\pic\ftmul.c
		___ftmul       		CODE           	04E0	0000	211

C:\Program Files (x86)\Microchip\xc8\v1.21\sources\pic\ftmul.c estimated size: 211

C:\Program Files (x86)\Microchip\xc8\v1.21\sources\pic\fttol.c
		___fttol       		CODE           	0669	0000	140

C:\Program Files (x86)\Microchip\xc8\v1.21\sources\pic\fttol.c estimated size: 140

lcd.c
		_toggle        		CODE           	0AF5	0000	18
		_set_cur       		CODE           	0AB6	0000	10
		_set_cur_l_1   		CODE           	0AAD	0000	9
		_write_str     		CODE           	0DC5	0000	82
		_write_char    		CODE           	0AC0	0000	10
		_set_underline 		CODE           	0BB7	0000	37
		_init_lcd      		CODE           	0C59	0000	50

lcd.c estimated size: 216

