Archive member included because of file (symbol)

c:/ac6/systemworkbench/plugins/fr.ac6.mcu.externaltools.arm-none.win32_1.3.0.201507241045/tools/compiler/bin/../lib/gcc/arm-none-eabi/4.9.3/armv7e-m/fpu\libgcc.a(_aeabi_ldivmod.o)
                              Application/User/main.o (__aeabi_ldivmod)
c:/ac6/systemworkbench/plugins/fr.ac6.mcu.externaltools.arm-none.win32_1.3.0.201507241045/tools/compiler/bin/../lib/gcc/arm-none-eabi/4.9.3/armv7e-m/fpu\libgcc.a(bpabi.o)
                              c:/ac6/systemworkbench/plugins/fr.ac6.mcu.externaltools.arm-none.win32_1.3.0.201507241045/tools/compiler/bin/../lib/gcc/arm-none-eabi/4.9.3/armv7e-m/fpu\libgcc.a(_aeabi_ldivmod.o) (__gnu_ldivmod_helper)
c:/ac6/systemworkbench/plugins/fr.ac6.mcu.externaltools.arm-none.win32_1.3.0.201507241045/tools/compiler/bin/../lib/gcc/arm-none-eabi/4.9.3/armv7e-m/fpu\libgcc.a(_dvmd_tls.o)
                              c:/ac6/systemworkbench/plugins/fr.ac6.mcu.externaltools.arm-none.win32_1.3.0.201507241045/tools/compiler/bin/../lib/gcc/arm-none-eabi/4.9.3/armv7e-m/fpu\libgcc.a(_aeabi_ldivmod.o) (__aeabi_ldiv0)
c:/ac6/systemworkbench/plugins/fr.ac6.mcu.externaltools.arm-none.win32_1.3.0.201507241045/tools/compiler/bin/../lib/gcc/arm-none-eabi/4.9.3/armv7e-m/fpu\libgcc.a(_divdi3.o)
                              c:/ac6/systemworkbench/plugins/fr.ac6.mcu.externaltools.arm-none.win32_1.3.0.201507241045/tools/compiler/bin/../lib/gcc/arm-none-eabi/4.9.3/armv7e-m/fpu\libgcc.a(bpabi.o) (__divdi3)
c:/ac6/systemworkbench/plugins/fr.ac6.mcu.externaltools.arm-none.win32_1.3.0.201507241045/tools/compiler/bin/../lib/gcc/arm-none-eabi/4.9.3/armv7e-m/fpu\libgcc.a(_udivdi3.o)
                              c:/ac6/systemworkbench/plugins/fr.ac6.mcu.externaltools.arm-none.win32_1.3.0.201507241045/tools/compiler/bin/../lib/gcc/arm-none-eabi/4.9.3/armv7e-m/fpu\libgcc.a(bpabi.o) (__udivdi3)
c:/ac6/systemworkbench/plugins/fr.ac6.mcu.externaltools.arm-none.win32_1.3.0.201507241045/tools/compiler/bin/../lib/gcc/arm-none-eabi/4.9.3/../../../../arm-none-eabi/lib/armv7e-m/fpu\libc_nano.a(lib_a-exit.o)
                              c:/ac6/systemworkbench/plugins/fr.ac6.mcu.externaltools.arm-none.win32_1.3.0.201507241045/tools/compiler/bin/../lib/gcc/arm-none-eabi/4.9.3/../../../../arm-none-eabi/lib/armv7e-m/fpu/crt0.o (exit)
c:/ac6/systemworkbench/plugins/fr.ac6.mcu.externaltools.arm-none.win32_1.3.0.201507241045/tools/compiler/bin/../lib/gcc/arm-none-eabi/4.9.3/../../../../arm-none-eabi/lib/armv7e-m/fpu\libc_nano.a(lib_a-impure.o)
                              c:/ac6/systemworkbench/plugins/fr.ac6.mcu.externaltools.arm-none.win32_1.3.0.201507241045/tools/compiler/bin/../lib/gcc/arm-none-eabi/4.9.3/../../../../arm-none-eabi/lib/armv7e-m/fpu\libc_nano.a(lib_a-exit.o) (_global_impure_ptr)
c:/ac6/systemworkbench/plugins/fr.ac6.mcu.externaltools.arm-none.win32_1.3.0.201507241045/tools/compiler/bin/../lib/gcc/arm-none-eabi/4.9.3/../../../../arm-none-eabi/lib/armv7e-m/fpu\libc_nano.a(lib_a-init.o)
                              c:/ac6/systemworkbench/plugins/fr.ac6.mcu.externaltools.arm-none.win32_1.3.0.201507241045/tools/compiler/bin/../lib/gcc/arm-none-eabi/4.9.3/../../../../arm-none-eabi/lib/armv7e-m/fpu/crt0.o (__libc_init_array)
c:/ac6/systemworkbench/plugins/fr.ac6.mcu.externaltools.arm-none.win32_1.3.0.201507241045/tools/compiler/bin/../lib/gcc/arm-none-eabi/4.9.3/../../../../arm-none-eabi/lib/armv7e-m/fpu\libc_nano.a(lib_a-memcpy.o)
                              Middlewares/FreeRTOS/queue.o (memcpy)
c:/ac6/systemworkbench/plugins/fr.ac6.mcu.externaltools.arm-none.win32_1.3.0.201507241045/tools/compiler/bin/../lib/gcc/arm-none-eabi/4.9.3/../../../../arm-none-eabi/lib/armv7e-m/fpu\libc_nano.a(lib_a-memset.o)
                              c:/ac6/systemworkbench/plugins/fr.ac6.mcu.externaltools.arm-none.win32_1.3.0.201507241045/tools/compiler/bin/../lib/gcc/arm-none-eabi/4.9.3/../../../../arm-none-eabi/lib/armv7e-m/fpu/crt0.o (memset)
c:/ac6/systemworkbench/plugins/fr.ac6.mcu.externaltools.arm-none.win32_1.3.0.201507241045/tools/compiler/bin/../lib/gcc/arm-none-eabi/4.9.3/../../../../arm-none-eabi/lib/armv7e-m/fpu\libnosys.a(_exit.o)
                              c:/ac6/systemworkbench/plugins/fr.ac6.mcu.externaltools.arm-none.win32_1.3.0.201507241045/tools/compiler/bin/../lib/gcc/arm-none-eabi/4.9.3/../../../../arm-none-eabi/lib/armv7e-m/fpu\libc_nano.a(lib_a-exit.o) (_exit)

Allocating common symbols
Common symbol       size              file

defaultTaskHandle   0x4               Application/User/main.o
hspi2               0x58              Application/User/main.o
hi2c1               0x3c              Application/User/main.o
xQueueRegistry      0x40              Middlewares/FreeRTOS/queue.o
pFlash              0x20              Drivers/STM32F4xx_HAL_Driver/stm32f4xx_hal_flash.o
LCD_TaskHandle      0x4               Application/User/main.o
DDS_AD9850_TaskHandle
                    0x4               Application/User/main.o
[...]
Memory Configuration

Name             Origin             Length             Attributes
FLASH            0x08000000         0x00040000         xr
RAM              0x20000000         0x00010000         xrw
*default*        0x00000000         0xffffffff

Linker script and memory map

LOAD c:/ac6/systemworkbench/plugins/fr.ac6.mcu.externaltools.arm-none.win32_1.3.0.201507241045/tools/compiler/bin/../lib/gcc/arm-none-eabi/4.9.3/armv7e-m/fpu/crti.o
LOAD c:/ac6/systemworkbench/plugins/fr.ac6.mcu.externaltools.arm-none.win32_1.3.0.201507241045/tools/compiler/bin/../lib/gcc/arm-none-eabi/4.9.3/armv7e-m/fpu/crtbegin.o
LOAD c:/ac6/systemworkbench/plugins/fr.ac6.mcu.externaltools.arm-none.win32_1.3.0.201507241045/tools/compiler/bin/../lib/gcc/arm-none-eabi/4.9.3/../../../../arm-none-eabi/lib/armv7e-m/fpu/crt0.o
LOAD c:/ac6/systemworkbench/plugins/fr.ac6.mcu.externaltools.arm-none.win32_1.3.0.201507241045/tools/compiler/bin/../lib/gcc/arm-none-eabi/4.9.3/../../../../arm-none-eabi/lib/armv7e-m/fpu\libm.a
LOAD Middlewares/FreeRTOS/cmsis_os.o
LOAD Middlewares/FreeRTOS/croutine.o
LOAD Middlewares/FreeRTOS/event_groups.o
LOAD Middlewares/FreeRTOS/heap_4.o
LOAD Middlewares/FreeRTOS/list.o
LOAD Middlewares/FreeRTOS/port.o
LOAD Middlewares/FreeRTOS/queue.o
LOAD Middlewares/FreeRTOS/tasks.o
LOAD Middlewares/FreeRTOS/timers.o
LOAD Drivers/STM32F4xx_HAL_Driver/stm32f4xx_hal.o
LOAD Drivers/STM32F4xx_HAL_Driver/stm32f4xx_hal_cortex.o
LOAD Drivers/STM32F4xx_HAL_Driver/stm32f4xx_hal_dma.o
LOAD Drivers/STM32F4xx_HAL_Driver/stm32f4xx_hal_dma_ex.o
LOAD Drivers/STM32F4xx_HAL_Driver/stm32f4xx_hal_flash.o
LOAD Drivers/STM32F4xx_HAL_Driver/stm32f4xx_hal_flash_ex.o
LOAD Drivers/STM32F4xx_HAL_Driver/stm32f4xx_hal_flash_ramfunc.o
LOAD Drivers/STM32F4xx_HAL_Driver/stm32f4xx_hal_gpio.o
LOAD Drivers/STM32F4xx_HAL_Driver/stm32f4xx_hal_i2c.o
LOAD Drivers/STM32F4xx_HAL_Driver/stm32f4xx_hal_i2c_ex.o
LOAD Drivers/STM32F4xx_HAL_Driver/stm32f4xx_hal_pwr.o
LOAD Drivers/STM32F4xx_HAL_Driver/stm32f4xx_hal_pwr_ex.o
LOAD Drivers/STM32F4xx_HAL_Driver/stm32f4xx_hal_rcc.o
LOAD Drivers/STM32F4xx_HAL_Driver/stm32f4xx_hal_rcc_ex.o
LOAD Drivers/STM32F4xx_HAL_Driver/stm32f4xx_hal_spi.o
LOAD Drivers/CMSIS/system_stm32f4xx.o
LOAD Application/User/freertos.o
LOAD Application/User/main.o
LOAD Application/User/stm32f4xx_hal_msp.o
LOAD Application/User/stm32f4xx_it.o
LOAD Application/SW4STM32/startup_stm32f401xc.o
START GROUP
LOAD c:/ac6/systemworkbench/plugins/fr.ac6.mcu.externaltools.arm-none.win32_1.3.0.201507241045/tools/compiler/bin/../lib/gcc/arm-none-eabi/4.9.3/armv7e-m/fpu\libgcc.a
LOAD c:/ac6/systemworkbench/plugins/fr.ac6.mcu.externaltools.arm-none.win32_1.3.0.201507241045/tools/compiler/bin/../lib/gcc/arm-none-eabi/4.9.3/../../../../arm-none-eabi/lib/armv7e-m/fpu\libc_nano.a
END GROUP
START GROUP
LOAD c:/ac6/systemworkbench/plugins/fr.ac6.mcu.externaltools.arm-none.win32_1.3.0.201507241045/tools/compiler/bin/../lib/gcc/arm-none-eabi/4.9.3/armv7e-m/fpu\libgcc.a
LOAD c:/ac6/systemworkbench/plugins/fr.ac6.mcu.externaltools.arm-none.win32_1.3.0.201507241045/tools/compiler/bin/../lib/gcc/arm-none-eabi/4.9.3/../../../../arm-none-eabi/lib/armv7e-m/fpu\libc_nano.a
LOAD c:/ac6/systemworkbench/plugins/fr.ac6.mcu.externaltools.arm-none.win32_1.3.0.201507241045/tools/compiler/bin/../lib/gcc/arm-none-eabi/4.9.3/../../../../arm-none-eabi/lib/armv7e-m/fpu\libnosys.a
END GROUP
START GROUP
LOAD c:/ac6/systemworkbench/plugins/fr.ac6.mcu.externaltools.arm-none.win32_1.3.0.201507241045/tools/compiler/bin/../lib/gcc/arm-none-eabi/4.9.3/armv7e-m/fpu\libgcc.a
LOAD c:/ac6/systemworkbench/plugins/fr.ac6.mcu.externaltools.arm-none.win32_1.3.0.201507241045/tools/compiler/bin/../lib/gcc/arm-none-eabi/4.9.3/../../../../arm-none-eabi/lib/armv7e-m/fpu\libc_nano.a
LOAD c:/ac6/systemworkbench/plugins/fr.ac6.mcu.externaltools.arm-none.win32_1.3.0.201507241045/tools/compiler/bin/../lib/gcc/arm-none-eabi/4.9.3/../../../../arm-none-eabi/lib/armv7e-m/fpu\libnosys.a
END GROUP
LOAD c:/ac6/systemworkbench/plugins/fr.ac6.mcu.externaltools.arm-none.win32_1.3.0.201507241045/tools/compiler/bin/../lib/gcc/arm-none-eabi/4.9.3/armv7e-m/fpu/crtend.o
LOAD c:/ac6/systemworkbench/plugins/fr.ac6.mcu.externaltools.arm-none.win32_1.3.0.201507241045/tools/compiler/bin/../lib/gcc/arm-none-eabi/4.9.3/armv7e-m/fpu/crtn.o
                0x20010000                _estack = 0x20010000
                0x00000200                _Min_Heap_Size = 0x200
                0x00000400                _Min_Stack_Size = 0x400

.isr_vector     0x08000000      0x194
                0x08000000                . = ALIGN (0x4)
 *(.isr_vector)
 .isr_vector    0x08000000      0x194 Application/SW4STM32/startup_stm32f401xc.o
                0x08000000                g_pfnVectors
                0x08000194                . = ALIGN (0x4)

.text           0x08000198     0x3080
                0x08000198                . = ALIGN (0x4)
 *(.text)
 .text          0x08000198       0x5c c:/ac6/systemworkbench/plugins/fr.ac6.mcu.externaltools.arm-none.win32_1.3.0.201507241045/tools/compiler/bin/../lib/gcc/arm-none-eabi/4.9.3/armv7e-m/fpu/crtbegin.o
 .text          0x080001f4       0x38 c:/ac6/systemworkbench/plugins/fr.ac6.mcu.externaltools.arm-none.win32_1.3.0.201507241045/tools/compiler/bin/../lib/gcc/arm-none-eabi/4.9.3/armv7e-m/fpu\libgcc.a(_aeabi_ldivmod.o)
                0x080001f4                __aeabi_ldivmod
 .text          0x0800022c       0x60 c:/ac6/systemworkbench/plugins/fr.ac6.mcu.externaltools.arm-none.win32_1.3.0.201507241045/tools/compiler/bin/../lib/gcc/arm-none-eabi/4.9.3/armv7e-m/fpu\libgcc.a(bpabi.o)
                0x0800022c                __gnu_ldivmod_helper
                0x0800025c                __gnu_uldivmod_helper
 .text          0x0800028c        0x4 c:/ac6/systemworkbench/plugins/fr.ac6.mcu.externaltools.arm-none.win32_1.3.0.201507241045/tools/compiler/bin/../lib/gcc/arm-none-eabi/4.9.3/armv7e-m/fpu\libgcc.a(_dvmd_tls.o)
                0x0800028c                __aeabi_idiv0
                0x0800028c                __aeabi_ldiv0
 .text          0x08000290      0x29c c:/ac6/systemworkbench/plugins/fr.ac6.mcu.externaltools.arm-none.win32_1.3.0.201507241045/tools/compiler/bin/../lib/gcc/arm-none-eabi/4.9.3/armv7e-m/fpu\libgcc.a(_divdi3.o)
                0x08000290                __divdi3
 .text          0x0800052c      0x26c c:/ac6/systemworkbench/plugins/fr.ac6.mcu.externaltools.arm-none.win32_1.3.0.201507241045/tools/compiler/bin/../lib/gcc/arm-none-eabi/4.9.3/armv7e-m/fpu\libgcc.a(_udivdi3.o)
                0x0800052c                __udivdi3
 *(.text*)
 .text.osKernelStart
                0x08000798        0xa Middlewares/FreeRTOS/cmsis_os.o
                0x08000798                osKernelStart
 .text.osThreadCreate
                0x080007a2       0x36 Middlewares/FreeRTOS/cmsis_os.o
                0x080007a2                osThreadCreate
 .text.osDelay  0x080007d8       0x10 Middlewares/FreeRTOS/cmsis_os.o
                0x080007d8                osDelay
 .text.osSystickHandler
                0x080007e8       0x14 Middlewares/FreeRTOS/cmsis_os.o
                0x080007e8                osSystickHandler
 .text.unlikely.prvInsertBlockIntoFreeList
                0x080007fc       0x44 Middlewares/FreeRTOS/heap_4.o
 .text.pvPortMalloc
                0x08000840      0x124 Middlewares/FreeRTOS/heap_4.o
                0x08000840                pvPortMalloc
 .text.vPortFree
                0x08000964       0x70 Middlewares/FreeRTOS/heap_4.o
                0x08000964                vPortFree
 .text.vListInitialise
                0x080009d4       0x16 Middlewares/FreeRTOS/list.o
                0x080009d4                vListInitialise
 .text.vListInitialiseItem
                0x080009ea        0x6 Middlewares/FreeRTOS/list.o
                0x080009ea                vListInitialiseItem
 .text.vListInsertEnd
                0x080009f0       0x18 Middlewares/FreeRTOS/list.o
                0x080009f0                vListInsertEnd
 .text.vListInsert
                0x08000a08       0x30 Middlewares/FreeRTOS/list.o
                0x08000a08                vListInsert
 .text.uxListRemove
                0x08000a38       0x20 Middlewares/FreeRTOS/list.o
                0x08000a38                uxListRemove
 .text.prvTaskExitError
                0x08000a58       0x30 Middlewares/FreeRTOS/port.o
 .text.prvPortStartFirstTask
                0x08000a88       0x20 Middlewares/FreeRTOS/port.o
 .text.vPortEnableVFP
                0x08000aa8       0x14 Middlewares/FreeRTOS/port.o
 .text.pxPortInitialiseStack
                0x08000abc       0x24 Middlewares/FreeRTOS/port.o
                0x08000abc                pxPortInitialiseStack
 .text.SVC_Handler
                0x08000ae0       0x20 Middlewares/FreeRTOS/port.o
                0x08000ae0                SVC_Handler
 .text.vPortEnterCritical
                0x08000b00       0x44 Middlewares/FreeRTOS/port.o
                0x08000b00                vPortEnterCritical
 .text.vPortExitCritical
                0x08000b44       0x28 Middlewares/FreeRTOS/port.o
                0x08000b44                vPortExitCritical
 .text.PendSV_Handler
                0x08000b6c       0x60 Middlewares/FreeRTOS/port.o
                0x08000b6c                PendSV_Handler
 .text.xPortSysTickHandler
                0x08000bcc       0x30 Middlewares/FreeRTOS/port.o
                0x08000bcc                xPortSysTickHandler
 .text.vPortSetupTimerInterrupt
                0x08000bfc       0x28 Middlewares/FreeRTOS/port.o
                0x08000bfc                vPortSetupTimerInterrupt
 .text.xPortStartScheduler
                0x08000c24       0xdc Middlewares/FreeRTOS/port.o
                0x08000c24                xPortStartScheduler
 .text.unlikely.prvCopyDataToQueue
                0x08000d00       0x6a Middlewares/FreeRTOS/queue.o
 .text.unlikely.prvCopyDataFromQueue
                0x08000d6a       0x26 Middlewares/FreeRTOS/queue.o
 .text.prvUnlockQueue
                0x08000d90       0x64 Middlewares/FreeRTOS/queue.o
 .text.xQueueGenericReset
                0x08000df4       0x80 Middlewares/FreeRTOS/queue.o
                0x08000df4                xQueueGenericReset
 .text.xQueueGenericCreate
                0x08000e74       0x64 Middlewares/FreeRTOS/queue.o
                0x08000e74                xQueueGenericCreate
 .text.xQueueGenericSend
                0x08000ed8      0x15c Middlewares/FreeRTOS/queue.o
                0x08000ed8                xQueueGenericSend
 .text.xQueueGenericReceive
                0x08001034      0x168 Middlewares/FreeRTOS/queue.o
                0x08001034                xQueueGenericReceive
 .text.prvResetNextTaskUnblockTime
                0x0800119c       0x24 Middlewares/FreeRTOS/tasks.o
 .text.prvAddCurrentTaskToDelayedList
                0x080011c0       0x3c Middlewares/FreeRTOS/tasks.o
 .text.unlikely.xTaskGenericCreate.part.5
                0x080011fc      0x198 Middlewares/FreeRTOS/tasks.o
 .text.xTaskGenericCreate
                0x08001394       0x40 Middlewares/FreeRTOS/tasks.o
                0x08001394                xTaskGenericCreate
 .text.vTaskStartScheduler
                0x080013d4       0x60 Middlewares/FreeRTOS/tasks.o
                0x080013d4                vTaskStartScheduler
 .text.vTaskSuspendAll
                0x08001434       0x14 Middlewares/FreeRTOS/tasks.o
                0x08001434                vTaskSuspendAll
 .text.xTaskIncrementTick
                0x08001448       0xf8 Middlewares/FreeRTOS/tasks.o
                0x08001448                xTaskIncrementTick
 .text.xTaskResumeAll
                0x08001540       0xe0 Middlewares/FreeRTOS/tasks.o
                0x08001540                xTaskResumeAll
 .text.vTaskDelay
                0x08001620       0x70 Middlewares/FreeRTOS/tasks.o
                0x08001620                vTaskDelay
 .text.prvIdleTask
                0x08001690       0x6c Middlewares/FreeRTOS/tasks.o
 .text.vTaskSwitchContext
                0x080016fc       0x6c Middlewares/FreeRTOS/tasks.o
                0x080016fc                vTaskSwitchContext
 .text.vTaskPlaceOnEventList
                0x08001768       0x64 Middlewares/FreeRTOS/tasks.o
                0x08001768                vTaskPlaceOnEventList
 .text.xTaskRemoveFromEventList
                0x080017cc       0x74 Middlewares/FreeRTOS/tasks.o
                0x080017cc                xTaskRemoveFromEventList
 .text.vTaskSetTimeOutState
                0x08001840       0x28 Middlewares/FreeRTOS/tasks.o
                0x08001840                vTaskSetTimeOutState
 .text.xTaskCheckForTimeOut
                0x08001868       0x70 Middlewares/FreeRTOS/tasks.o
                0x08001868                xTaskCheckForTimeOut
 .text.vTaskMissedYield
                0x080018d8       0x10 Middlewares/FreeRTOS/tasks.o
                0x080018d8                vTaskMissedYield
 .text.xTaskGetSchedulerState
                0x080018e8       0x20 Middlewares/FreeRTOS/tasks.o
                0x080018e8                xTaskGetSchedulerState
 .text.vTaskPriorityInherit
                0x08001908       0x94 Middlewares/FreeRTOS/tasks.o
                0x08001908                vTaskPriorityInherit
 .text.xTaskPriorityDisinherit
                0x0800199c       0xa4 Middlewares/FreeRTOS/tasks.o
                0x0800199c                xTaskPriorityDisinherit
 .text.pvTaskIncrementMutexHeldCount
                0x08001a40       0x18 Middlewares/FreeRTOS/tasks.o
                0x08001a40                pvTaskIncrementMutexHeldCount
 .text.HAL_InitTick
                0x08001a58       0x24 Drivers/STM32F4xx_HAL_Driver/stm32f4xx_hal.o
                0x08001a58                HAL_InitTick
 .text.HAL_Init
                0x08001a7c       0x34 Drivers/STM32F4xx_HAL_Driver/stm32f4xx_hal.o
                0x08001a7c                HAL_Init
 .text.HAL_IncTick
                0x08001ab0       0x10 Drivers/STM32F4xx_HAL_Driver/stm32f4xx_hal.o
                0x08001ab0                HAL_IncTick
 .text.HAL_GetTick
                0x08001ac0        0xc Drivers/STM32F4xx_HAL_Driver/stm32f4xx_hal.o
                0x08001ac0                HAL_GetTick
 .text.HAL_NVIC_SetPriorityGrouping
                0x08001acc       0x24 Drivers/STM32F4xx_HAL_Driver/stm32f4xx_hal_cortex.o
                0x08001acc                HAL_NVIC_SetPriorityGrouping
 .text.HAL_NVIC_SetPriority
                0x08001af0       0x60 Drivers/STM32F4xx_HAL_Driver/stm32f4xx_hal_cortex.o
                0x08001af0                HAL_NVIC_SetPriority
 .text.HAL_NVIC_EnableIRQ
                0x08001b50       0x18 Drivers/STM32F4xx_HAL_Driver/stm32f4xx_hal_cortex.o
                0x08001b50                HAL_NVIC_EnableIRQ
 .text.HAL_SYSTICK_Config
                0x08001b68       0x2c Drivers/STM32F4xx_HAL_Driver/stm32f4xx_hal_cortex.o
                0x08001b68                HAL_SYSTICK_Config
 .text.HAL_SYSTICK_CLKSourceConfig
                0x08001b94       0x18 Drivers/STM32F4xx_HAL_Driver/stm32f4xx_hal_cortex.o
                0x08001b94                HAL_SYSTICK_CLKSourceConfig
 .text.HAL_GPIO_Init
                0x08001bac      0x198 Drivers/STM32F4xx_HAL_Driver/stm32f4xx_hal_gpio.o
                0x08001bac                HAL_GPIO_Init
 .text.HAL_GPIO_ReadPin
                0x08001d44        0xc Drivers/STM32F4xx_HAL_Driver/stm32f4xx_hal_gpio.o
                0x08001d44                HAL_GPIO_ReadPin
 .text.HAL_GPIO_WritePin
                0x08001d50        0x8 Drivers/STM32F4xx_HAL_Driver/stm32f4xx_hal_gpio.o
                0x08001d50                HAL_GPIO_WritePin
 .text.HAL_GPIO_TogglePin
                0x08001d58        0x8 Drivers/STM32F4xx_HAL_Driver/stm32f4xx_hal_gpio.o
                0x08001d58                HAL_GPIO_TogglePin
 .text.HAL_GPIO_EXTI_Callback
                0x08001d60        0x2 Drivers/STM32F4xx_HAL_Driver/stm32f4xx_hal_gpio.o
                0x08001d60                HAL_GPIO_EXTI_Callback
 *fill*         0x08001d62        0x2 
 .text.HAL_GPIO_EXTI_IRQHandler
                0x08001d64       0x18 Drivers/STM32F4xx_HAL_Driver/stm32f4xx_hal_gpio.o
                0x08001d64                HAL_GPIO_EXTI_IRQHandler
 .text.I2C_WaitOnMasterAddressFlagUntilTimeout
                0x08001d7c       0x7e Drivers/STM32F4xx_HAL_Driver/stm32f4xx_hal_i2c.o
 .text.I2C_WaitOnFlagUntilTimeout
                0x08001dfa       0x96 Drivers/STM32F4xx_HAL_Driver/stm32f4xx_hal_i2c.o
 .text.I2C_MasterRequestWrite
                0x08001e90       0x78 Drivers/STM32F4xx_HAL_Driver/stm32f4xx_hal_i2c.o
 .text.HAL_I2C_Init
                0x08001f08       0xd8 Drivers/STM32F4xx_HAL_Driver/stm32f4xx_hal_i2c.o
                0x08001f08                HAL_I2C_Init
 .text.HAL_I2C_Master_Transmit
                0x08001fe0       0xe8 Drivers/STM32F4xx_HAL_Driver/stm32f4xx_hal_i2c.o
                0x08001fe0                HAL_I2C_Master_Transmit
 .text.HAL_RCC_OscConfig
                0x080020c8      0x310 Drivers/STM32F4xx_HAL_Driver/stm32f4xx_hal_rcc.o
                0x080020c8                HAL_RCC_OscConfig
 .text.HAL_RCC_ClockConfig
                0x080023d8      0x208 Drivers/STM32F4xx_HAL_Driver/stm32f4xx_hal_rcc.o
                0x080023d8                HAL_RCC_ClockConfig
 .text.HAL_RCC_GetSysClockFreq
                0x080025e0       0x80 Drivers/STM32F4xx_HAL_Driver/stm32f4xx_hal_rcc.o
                0x080025e0                HAL_RCC_GetSysClockFreq
 .text.HAL_RCC_GetHCLKFreq
                0x08002660       0x34 Drivers/STM32F4xx_HAL_Driver/stm32f4xx_hal_rcc.o
                0x08002660                HAL_RCC_GetHCLKFreq
 .text.HAL_RCC_GetPCLK1Freq
                0x08002694       0x2c Drivers/STM32F4xx_HAL_Driver/stm32f4xx_hal_rcc.o
                0x08002694                HAL_RCC_GetPCLK1Freq
 .text.SPI_WaitOnFlagUntilTimeout
                0x080026c0       0x92 Drivers/STM32F4xx_HAL_Driver/stm32f4xx_hal_spi.o
 .text.HAL_SPI_Init
                0x08002752       0x7a Drivers/STM32F4xx_HAL_Driver/stm32f4xx_hal_spi.o
                0x08002752                HAL_SPI_Init
 .text.HAL_SPI_Transmit
                0x080027cc      0x160 Drivers/STM32F4xx_HAL_Driver/stm32f4xx_hal_spi.o
                0x080027cc                HAL_SPI_Transmit
 .text.SystemInit
                0x0800292c       0x4c Drivers/CMSIS/system_stm32f4xx.o
                0x0800292c                SystemInit
 .text.StartDefaultTask
                0x08002978        0x2 Application/User/main.o
                0x08002978                StartDefaultTask
 *fill*         0x0800297a        0x2 
 .text.SystemClock_Config
                0x0800297c       0x84 Application/User/main.o
                0x0800297c                SystemClock_Config
 .text.startup.main
                0x08002a00      0x300 Application/User/main.o
                0x08002a00                main
 .text.LCD_putcmd
                0x08002d00       0x94 Application/User/main.o
                0x08002d00                LCD_putcmd
 .text.LCD_init
                0x08002d94       0x58 Application/User/main.o
                0x08002d94                LCD_init
 .text.LCD_putch
                0x08002dec       0x94 Application/User/main.o
                0x08002dec                LCD_putch
 .text.LCD_puts
                0x08002e80       0x20 Application/User/main.o
                0x08002e80                LCD_puts
 .text.LCD_Task
                0x08002ea0       0x30 Application/User/main.o
                0x08002ea0                LCD_Task
 .text.itoa     0x08002ed0       0x48 Application/User/main.o
                0x08002ed0                itoa
 .text.DDS_AD9850_send_freq
                0x08002f18       0x88 Application/User/main.o
                0x08002f18                DDS_AD9850_send_freq
 .text.DDS_AD9850_Task
                0x08002fa0       0x5c Application/User/main.o
                0x08002fa0                DDS_AD9850_Task
 .text.HAL_MspInit
                0x08002ffc       0x18 Application/User/stm32f4xx_hal_msp.o
                0x08002ffc                HAL_MspInit
 .text.HAL_I2C_MspInit
                0x08003014       0x50 Application/User/stm32f4xx_hal_msp.o
                0x08003014                HAL_I2C_MspInit
 .text.HAL_SPI_MspInit
                0x08003064       0x8c Application/User/stm32f4xx_hal_msp.o
                0x08003064                HAL_SPI_MspInit
 .text.SysTick_Handler
                0x080030f0        0xe Application/User/stm32f4xx_it.o
                0x080030f0                SysTick_Handler
 *fill*         0x080030fe        0x2 
 .text.EXTI4_IRQHandler
                0x08003100       0x38 Application/User/stm32f4xx_it.o
                0x08003100                EXTI4_IRQHandler
 .text.Reset_Handler
                0x08003138       0x50 Application/SW4STM32/startup_stm32f401xc.o
                0x08003138                Reset_Handler
 .text.Default_Handler
                0x08003188        0x2 Application/SW4STM32/startup_stm32f401xc.o
                0x08003188                RTC_Alarm_IRQHandler
                0x08003188                EXTI2_IRQHandler
                0x08003188                DebugMon_Handler
                0x08003188                SPI4_IRQHandler
                0x08003188                TIM1_CC_IRQHandler
                0x08003188                DMA2_Stream5_IRQHandler
                0x08003188                HardFault_Handler
                0x08003188                DMA1_Stream5_IRQHandler
                0x08003188                PVD_IRQHandler
                0x08003188                SDIO_IRQHandler
                0x08003188                TAMP_STAMP_IRQHandler
                0x08003188                NMI_Handler
                0x08003188                EXTI3_IRQHandler
                0x08003188                TIM1_UP_TIM10_IRQHandler
                0x08003188                I2C3_ER_IRQHandler
                0x08003188                EXTI0_IRQHandler
                0x08003188                I2C2_EV_IRQHandler
                0x08003188                DMA1_Stream2_IRQHandler
                0x08003188                FPU_IRQHandler
                0x08003188                UsageFault_Handler
                0x08003188                DMA2_Stream2_IRQHandler
                0x08003188                SPI1_IRQHandler
                0x08003188                TIM1_BRK_TIM9_IRQHandler
                0x08003188                DMA2_Stream3_IRQHandler
                0x08003188                USART6_IRQHandler
                0x08003188                DMA2_Stream0_IRQHandler
                0x08003188                TIM4_IRQHandler
                0x08003188                I2C1_EV_IRQHandler
                0x08003188                DMA1_Stream6_IRQHandler
                0x08003188                DMA1_Stream1_IRQHandler
                0x08003188                TIM3_IRQHandler
                0x08003188                RCC_IRQHandler
                0x08003188                Default_Handler
                0x08003188                EXTI15_10_IRQHandler
                0x08003188                ADC_IRQHandler
                0x08003188                DMA1_Stream7_IRQHandler
                0x08003188                TIM5_IRQHandler
                0x08003188                DMA2_Stream7_IRQHandler
                0x08003188                I2C3_EV_IRQHandler
                0x08003188                EXTI9_5_IRQHandler
                0x08003188                RTC_WKUP_IRQHandler
                0x08003188                SPI2_IRQHandler
                0x08003188                MemManage_Handler
                0x08003188                DMA1_Stream0_IRQHandler
                0x08003188                WWDG_IRQHandler
                0x08003188                TIM2_IRQHandler
                0x08003188                OTG_FS_WKUP_IRQHandler
                0x08003188                TIM1_TRG_COM_TIM11_IRQHandler
                0x08003188                EXTI1_IRQHandler
                0x08003188                USART2_IRQHandler
                0x08003188                I2C2_ER_IRQHandler
                0x08003188                DMA2_Stream1_IRQHandler
                0x08003188                FLASH_IRQHandler
                0x08003188                DMA2_Stream4_IRQHandler
                0x08003188                BusFault_Handler
                0x08003188                USART1_IRQHandler
                0x08003188                OTG_FS_IRQHandler
                0x08003188                SPI3_IRQHandler
                0x08003188                DMA1_Stream4_IRQHandler
                0x08003188                I2C1_ER_IRQHandler
                0x08003188                DMA2_Stream6_IRQHandler
                0x08003188                DMA1_Stream3_IRQHandler
 *fill*         0x0800318a        0x2 
 .text.__libc_init_array
                0x0800318c       0x4c c:/ac6/systemworkbench/plugins/fr.ac6.mcu.externaltools.arm-none.win32_1.3.0.201507241045/tools/compiler/bin/../lib/gcc/arm-none-eabi/4.9.3/../../../../arm-none-eabi/lib/armv7e-m/fpu\libc_nano.a(lib_a-init.o)
                0x0800318c                __libc_init_array
 .text.memcpy   0x080031d8       0x16 c:/ac6/systemworkbench/plugins/fr.ac6.mcu.externaltools.arm-none.win32_1.3.0.201507241045/tools/compiler/bin/../lib/gcc/arm-none-eabi/4.9.3/../../../../arm-none-eabi/lib/armv7e-m/fpu\libc_nano.a(lib_a-memcpy.o)
                0x080031d8                memcpy
 .text.memset   0x080031ee       0x10 c:/ac6/systemworkbench/plugins/fr.ac6.mcu.externaltools.arm-none.win32_1.3.0.201507241045/tools/compiler/bin/../lib/gcc/arm-none-eabi/4.9.3/../../../../arm-none-eabi/lib/armv7e-m/fpu\libc_nano.a(lib_a-memset.o)
                0x080031ee                memset
 *(.glue_7)
 .glue_7        0x00000000        0x0 linker stubs
 *(.glue_7t)
 .glue_7t       0x00000000        0x0 linker stubs
 *(.eh_frame)
 *fill*         0x080031fe        0x2 
 .eh_frame      0x08003200        0x0 c:/ac6/systemworkbench/plugins/fr.ac6.mcu.externaltools.arm-none.win32_1.3.0.201507241045/tools/compiler/bin/../lib/gcc/arm-none-eabi/4.9.3/armv7e-m/fpu/crtbegin.o
 *(.init)
 .init          0x08003200        0x4 c:/ac6/systemworkbench/plugins/fr.ac6.mcu.externaltools.arm-none.win32_1.3.0.201507241045/tools/compiler/bin/../lib/gcc/arm-none-eabi/4.9.3/armv7e-m/fpu/crti.o
                0x08003200                _init
 .init          0x08003204        0x8 c:/ac6/systemworkbench/plugins/fr.ac6.mcu.externaltools.arm-none.win32_1.3.0.201507241045/tools/compiler/bin/../lib/gcc/arm-none-eabi/4.9.3/armv7e-m/fpu/crtn.o
 *(.fini)
 .fini          0x0800320c        0x4 c:/ac6/systemworkbench/plugins/fr.ac6.mcu.externaltools.arm-none.win32_1.3.0.201507241045/tools/compiler/bin/../lib/gcc/arm-none-eabi/4.9.3/armv7e-m/fpu/crti.o
                0x0800320c                _fini
 .fini          0x08003210        0x8 c:/ac6/systemworkbench/plugins/fr.ac6.mcu.externaltools.arm-none.win32_1.3.0.201507241045/tools/compiler/bin/../lib/gcc/arm-none-eabi/4.9.3/armv7e-m/fpu/crtn.o
                0x08003218                . = ALIGN (0x4)
                0x08003218                _etext = .

.vfp11_veneer   0x08003218        0x0
 .vfp11_veneer  0x00000000        0x0 linker stubs

.v4_bx          0x08003218        0x0
 .v4_bx         0x00000000        0x0 linker stubs

.iplt           0x08003218        0x0
 .iplt          0x00000000        0x0 c:/ac6/systemworkbench/plugins/fr.ac6.mcu.externaltools.arm-none.win32_1.3.0.201507241045/tools/compiler/bin/../lib/gcc/arm-none-eabi/4.9.3/armv7e-m/fpu/crtbegin.o

.rodata         0x08003218       0x6c
                0x08003218                . = ALIGN (0x4)
 *(.rodata)
 .rodata        0x08003218       0x10 Drivers/STM32F4xx_HAL_Driver/stm32f4xx_hal_rcc.o
                0x08003218                APBAHBPrescTable
 .rodata        0x08003228       0x3c Application/User/main.o
 *(.rodata*)
 .rodata.str1.1
                0x08003264        0x5 Middlewares/FreeRTOS/tasks.o
 .rodata.str1.1
                0x08003269       0x1b Application/User/main.o
                0x08003284                . = ALIGN (0x4)

.ARM.extab
 *(.ARM.extab* .gnu.linkonce.armextab.*)

.ARM            0x08003284        0x8
                0x08003284                __exidx_start = .
 *(.ARM.exidx*)
 .ARM.exidx     0x08003284        0x8 c:/ac6/systemworkbench/plugins/fr.ac6.mcu.externaltools.arm-none.win32_1.3.0.201507241045/tools/compiler/bin/../lib/gcc/arm-none-eabi/4.9.3/armv7e-m/fpu\libgcc.a(_divdi3.o)
 .ARM.exidx     0x0800328c        0x0 c:/ac6/systemworkbench/plugins/fr.ac6.mcu.externaltools.arm-none.win32_1.3.0.201507241045/tools/compiler/bin/../lib/gcc/arm-none-eabi/4.9.3/armv7e-m/fpu\libgcc.a(_udivdi3.o)
                                  0x8 (size before relaxing)
                0x0800328c                __exidx_end = .

.rel.dyn        0x0800328c        0x0
 .rel.iplt      0x00000000        0x0 c:/ac6/systemworkbench/plugins/fr.ac6.mcu.externaltools.arm-none.win32_1.3.0.201507241045/tools/compiler/bin/../lib/gcc/arm-none-eabi/4.9.3/armv7e-m/fpu/crtbegin.o

.preinit_array  0x0800328c        0x0
                0x0800328c                PROVIDE (__preinit_array_start, .)
 *(.preinit_array*)
                0x0800328c                PROVIDE (__preinit_array_end, .)

.init_array     0x0800328c        0x4
                0x0800328c                PROVIDE (__init_array_start, .)
 *(SORT(.init_array.*))
 *(.init_array*)
 .init_array    0x0800328c        0x4 c:/ac6/systemworkbench/plugins/fr.ac6.mcu.externaltools.arm-none.win32_1.3.0.201507241045/tools/compiler/bin/../lib/gcc/arm-none-eabi/4.9.3/armv7e-m/fpu/crtbegin.o
                0x08003290                PROVIDE (__init_array_end, .)

.fini_array     0x08003290        0x4
                0x08003290                PROVIDE (__fini_array_start, .)
 *(SORT(.fini_array.*))
 *(.fini_array*)
 .fini_array    0x08003290        0x4 c:/ac6/systemworkbench/plugins/fr.ac6.mcu.externaltools.arm-none.win32_1.3.0.201507241045/tools/compiler/bin/../lib/gcc/arm-none-eabi/4.9.3/armv7e-m/fpu/crtbegin.o
                0x08003294                PROVIDE (__fini_array_end, .)
                0x08003294                _sidata = LOADADDR (.data)

.data           0x20000000       0x10 load address 0x08003294
                0x20000000                . = ALIGN (0x4)
                0x20000000                _sdata = .
 *(.data)
 .data          0x20000000        0x4 Middlewares/FreeRTOS/port.o
 .data          0x20000004        0x4 Middlewares/FreeRTOS/tasks.o
 .data          0x20000008        0x4 Drivers/CMSIS/system_stm32f4xx.o
                0x20000008                SystemCoreClock
 .data          0x2000000c        0x4 Application/User/main.o
                0x2000000c                Global_Freq
 *(.data*)
                0x20000010                . = ALIGN (0x4)
                0x20000010                _edata = .

.jcr            0x20000010        0x0 load address 0x080032a4
 .jcr           0x20000010        0x0 c:/ac6/systemworkbench/plugins/fr.ac6.mcu.externaltools.arm-none.win32_1.3.0.201507241045/tools/compiler/bin/../lib/gcc/arm-none-eabi/4.9.3/armv7e-m/fpu/crtbegin.o

.igot.plt       0x20000010        0x0 load address 0x080032a4
 .igot.plt      0x00000000        0x0 c:/ac6/systemworkbench/plugins/fr.ac6.mcu.externaltools.arm-none.win32_1.3.0.201507241045/tools/compiler/bin/../lib/gcc/arm-none-eabi/4.9.3/armv7e-m/fpu/crtbegin.o
                0x20000010                . = ALIGN (0x4)

.bss            0x20000010     0x3e64 load address 0x080032a4
                0x20000010                _sbss = .
                0x20000010                __bss_start__ = _sbss
 *(.bss)
 .bss           0x20000010       0x1c c:/ac6/systemworkbench/plugins/fr.ac6.mcu.externaltools.arm-none.win32_1.3.0.201507241045/tools/compiler/bin/../lib/gcc/arm-none-eabi/4.9.3/armv7e-m/fpu/crtbegin.o
 .bss           0x2000002c     0x3c18 Middlewares/FreeRTOS/heap_4.o
 .bss           0x20003c44        0x8 Middlewares/FreeRTOS/port.o
 .bss           0x20003c4c      0x124 Middlewares/FreeRTOS/tasks.o
                0x20003c78                pxCurrentTCB
 .bss           0x20003d70        0x4 Drivers/STM32F4xx_HAL_Driver/stm32f4xx_hal.o
 .bss           0x20003d74        0x8 Application/User/main.o
                0x20003d74                Global_Queue_Handle
 *(.bss*)
 *(COMMON)
 COMMON         0x20003d7c       0xf8 Application/User/main.o
                0x20003d7c                defaultTaskHandle
                0x20003d80                hspi2
                0x20003dd8                hi2c1
                0x20003e14                LCD_TaskHandle
                0x20003e18                DDS_AD9850_TaskHandle
                0x20003e1c                hspi1
                0x20003e74                . = ALIGN (0x4)
                0x20003e74                _ebss = .
                0x20003e74                __bss_end__ = _ebss

._user_heap_stack
                0x20003e74      0x604 load address 0x080032a4
                0x20003e78                . = ALIGN (0x8)
 *fill*         0x20003e74        0x4 
                0x20003e78                PROVIDE (end, .)
                0x20003e78                PROVIDE (_end, .)
                0x20004078                . = (. + _Min_Heap_Size)
 *fill*         0x20003e78      0x200 
                0x20004478                . = (. + _Min_Stack_Size)
 *fill*         0x20004078      0x400 
                0x20004478                . = ALIGN (0x8)

/DISCARD/
 libc.a(*)
 libm.a(*)
 libgcc.a(*)

.ARM.attributes
                0x00000000       0x30
 *(.ARM.attributes)
 .ARM.attributes
                0x00000000       0x22 c:/ac6/systemworkbench/plugins/fr.ac6.mcu.externaltools.arm-none.win32_1.3.0.201507241045/tools/compiler/bin/../lib/gcc/arm-none-eabi/4.9.3/armv7e-m/fpu/crti.o
 .ARM.attributes
                0x00000022       0x34 c:/ac6/systemworkbench/plugins/fr.ac6.mcu.externaltools.arm-none.win32_1.3.0.201507241045/tools/compiler/bin/../lib/gcc/arm-none-eabi/4.9.3/armv7e-m/fpu/crtbegin.o
 .ARM.attributes
                0x00000056       0x39 Middlewares/FreeRTOS/cmsis_os.o
 .ARM.attributes
                0x0000008f       0x39 Middlewares/FreeRTOS/heap_4.o
 .ARM.attributes
                0x000000c8       0x39 Middlewares/FreeRTOS/list.o
 .ARM.attributes
                0x00000101       0x39 Middlewares/FreeRTOS/port.o
 .ARM.attributes
                0x0000013a       0x39 Middlewares/FreeRTOS/queue.o
 .ARM.attributes
                0x00000173       0x39 Middlewares/FreeRTOS/tasks.o
 .ARM.attributes
                0x000001ac       0x39 Drivers/STM32F4xx_HAL_Driver/stm32f4xx_hal.o
 .ARM.attributes
                0x000001e5       0x39 Drivers/STM32F4xx_HAL_Driver/stm32f4xx_hal_cortex.o
 .ARM.attributes
                0x0000021e       0x39 Drivers/STM32F4xx_HAL_Driver/stm32f4xx_hal_gpio.o
 .ARM.attributes
                0x00000257       0x39 Drivers/STM32F4xx_HAL_Driver/stm32f4xx_hal_i2c.o
 .ARM.attributes
                0x00000290       0x39 Drivers/STM32F4xx_HAL_Driver/stm32f4xx_hal_rcc.o
 .ARM.attributes
                0x000002c9       0x39 Drivers/STM32F4xx_HAL_Driver/stm32f4xx_hal_spi.o
 .ARM.attributes
                0x00000302       0x39 Drivers/CMSIS/system_stm32f4xx.o
 .ARM.attributes
                0x0000033b       0x39 Application/User/main.o
 .ARM.attributes
                0x00000374       0x39 Application/User/stm32f4xx_hal_msp.o
 .ARM.attributes
                0x000003ad       0x39 Application/User/stm32f4xx_it.o
 .ARM.attributes
                0x000003e6       0x21 Application/SW4STM32/startup_stm32f401xc.o
 .ARM.attributes
                0x00000407       0x22 c:/ac6/systemworkbench/plugins/fr.ac6.mcu.externaltools.arm-none.win32_1.3.0.201507241045/tools/compiler/bin/../lib/gcc/arm-none-eabi/4.9.3/armv7e-m/fpu\libgcc.a(_aeabi_ldivmod.o)
 .ARM.attributes
                0x00000429       0x34 c:/ac6/systemworkbench/plugins/fr.ac6.mcu.externaltools.arm-none.win32_1.3.0.201507241045/tools/compiler/bin/../lib/gcc/arm-none-eabi/4.9.3/armv7e-m/fpu\libgcc.a(bpabi.o)
 .ARM.attributes
                0x0000045d       0x22 c:/ac6/systemworkbench/plugins/fr.ac6.mcu.externaltools.arm-none.win32_1.3.0.201507241045/tools/compiler/bin/../lib/gcc/arm-none-eabi/4.9.3/armv7e-m/fpu\libgcc.a(_dvmd_tls.o)
 .ARM.attributes
                0x0000047f       0x34 c:/ac6/systemworkbench/plugins/fr.ac6.mcu.externaltools.arm-none.win32_1.3.0.201507241045/tools/compiler/bin/../lib/gcc/arm-none-eabi/4.9.3/armv7e-m/fpu\libgcc.a(_divdi3.o)
 .ARM.attributes
                0x000004b3       0x34 c:/ac6/systemworkbench/plugins/fr.ac6.mcu.externaltools.arm-none.win32_1.3.0.201507241045/tools/compiler/bin/../lib/gcc/arm-none-eabi/4.9.3/armv7e-m/fpu\libgcc.a(_udivdi3.o)
 .ARM.attributes
                0x000004e7       0x34 c:/ac6/systemworkbench/plugins/fr.ac6.mcu.externaltools.arm-none.win32_1.3.0.201507241045/tools/compiler/bin/../lib/gcc/arm-none-eabi/4.9.3/../../../../arm-none-eabi/lib/armv7e-m/fpu\libc_nano.a(lib_a-init.o)
 .ARM.attributes
                0x0000051b       0x34 c:/ac6/systemworkbench/plugins/fr.ac6.mcu.externaltools.arm-none.win32_1.3.0.201507241045/tools/compiler/bin/../lib/gcc/arm-none-eabi/4.9.3/../../../../arm-none-eabi/lib/armv7e-m/fpu\libc_nano.a(lib_a-memcpy.o)
 .ARM.attributes
                0x0000054f       0x34 c:/ac6/systemworkbench/plugins/fr.ac6.mcu.externaltools.arm-none.win32_1.3.0.201507241045/tools/compiler/bin/../lib/gcc/arm-none-eabi/4.9.3/../../../../arm-none-eabi/lib/armv7e-m/fpu\libc_nano.a(lib_a-memset.o)
 .ARM.attributes
                0x00000583       0x22 c:/ac6/systemworkbench/plugins/fr.ac6.mcu.externaltools.arm-none.win32_1.3.0.201507241045/tools/compiler/bin/../lib/gcc/arm-none-eabi/4.9.3/armv7e-m/fpu/crtn.o
OUTPUT(HAM_TRX.elf elf32-littlearm)

.debug_info     0x00000000    0x10ba6
 .debug_info    0x00000000     0x1f78 Middlewares/FreeRTOS/cmsis_os.o
 .debug_info    0x00001f78      0x48a Middlewares/FreeRTOS/heap_4.o
 .debug_info    0x00002402      0x29e Middlewares/FreeRTOS/list.o
 .debug_info    0x000026a0      0x551 Middlewares/FreeRTOS/port.o
 .debug_info    0x00002bf1     0x19b5 Middlewares/FreeRTOS/queue.o
 .debug_info    0x000045a6     0x26f6 Middlewares/FreeRTOS/tasks.o
 .debug_info    0x00006c9c      0x87c Drivers/STM32F4xx_HAL_Driver/stm32f4xx_hal.o
 .debug_info    0x00007518      0xdc7 Drivers/STM32F4xx_HAL_Driver/stm32f4xx_hal_cortex.o
 .debug_info    0x000082df      0x70e Drivers/STM32F4xx_HAL_Driver/stm32f4xx_hal_gpio.o
 .debug_info    0x000089ed     0x28c6 Drivers/STM32F4xx_HAL_Driver/stm32f4xx_hal_i2c.o
 .debug_info    0x0000b2b3      0xd35 Drivers/STM32F4xx_HAL_Driver/stm32f4xx_hal_rcc.o
 .debug_info    0x0000bfe8     0x1786 Drivers/STM32F4xx_HAL_Driver/stm32f4xx_hal_spi.o
 .debug_info    0x0000d76e      0x4a9 Drivers/CMSIS/system_stm32f4xx.o
 .debug_info    0x0000dc17     0x1e9f Application/User/main.o
 .debug_info    0x0000fab6      0xd9a Application/User/stm32f4xx_hal_msp.o
 .debug_info    0x00010850      0x27c Application/User/stm32f4xx_it.o
 .debug_info    0x00010acc       0xda Application/SW4STM32/startup_stm32f401xc.o

.debug_abbrev   0x00000000     0x298c
 .debug_abbrev  0x00000000      0x422 Middlewares/FreeRTOS/cmsis_os.o
 .debug_abbrev  0x00000422      0x246 Middlewares/FreeRTOS/heap_4.o
 .debug_abbrev  0x00000668       0xdf Middlewares/FreeRTOS/list.o
 .debug_abbrev  0x00000747      0x223 Middlewares/FreeRTOS/port.o
 .debug_abbrev  0x0000096a      0x353 Middlewares/FreeRTOS/queue.o
 .debug_abbrev  0x00000cbd      0x3e2 Middlewares/FreeRTOS/tasks.o
 .debug_abbrev  0x0000109f      0x286 Drivers/STM32F4xx_HAL_Driver/stm32f4xx_hal.o
 .debug_abbrev  0x00001325      0x30d Drivers/STM32F4xx_HAL_Driver/stm32f4xx_hal_cortex.o
 .debug_abbrev  0x00001632      0x1c9 Drivers/STM32F4xx_HAL_Driver/stm32f4xx_hal_gpio.o
 .debug_abbrev  0x000017fb      0x2bf Drivers/STM32F4xx_HAL_Driver/stm32f4xx_hal_i2c.o
 .debug_abbrev  0x00001aba      0x340 Drivers/STM32F4xx_HAL_Driver/stm32f4xx_hal_rcc.o
 .debug_abbrev  0x00001dfa      0x353 Drivers/STM32F4xx_HAL_Driver/stm32f4xx_hal_spi.o
 .debug_abbrev  0x0000214d      0x104 Drivers/CMSIS/system_stm32f4xx.o
 .debug_abbrev  0x00002251      0x3d2 Application/User/main.o
 .debug_abbrev  0x00002623      0x1cf Application/User/stm32f4xx_hal_msp.o
 .debug_abbrev  0x000027f2      0x188 Application/User/stm32f4xx_it.o
 .debug_abbrev  0x0000297a       0x12 Application/SW4STM32/startup_stm32f401xc.o

.debug_loc      0x00000000     0x8667
 .debug_loc     0x00000000     0x116b Middlewares/FreeRTOS/cmsis_os.o
 .debug_loc     0x0000116b      0x389 Middlewares/FreeRTOS/heap_4.o
 .debug_loc     0x000014f4       0x94 Middlewares/FreeRTOS/list.o
 .debug_loc     0x00001588       0x9a Middlewares/FreeRTOS/port.o
 .debug_loc     0x00001622      0xaf7 Middlewares/FreeRTOS/queue.o
 .debug_loc     0x00002119     0x1672 Middlewares/FreeRTOS/tasks.o
 .debug_loc     0x0000378b       0x82 Drivers/STM32F4xx_HAL_Driver/stm32f4xx_hal.o
 .debug_loc     0x0000380d      0x31e Drivers/STM32F4xx_HAL_Driver/stm32f4xx_hal_cortex.o
 .debug_loc     0x00003b2b      0x3b7 Drivers/STM32F4xx_HAL_Driver/stm32f4xx_hal_gpio.o
 .debug_loc     0x00003ee2     0x2a46 Drivers/STM32F4xx_HAL_Driver/stm32f4xx_hal_i2c.o
 .debug_loc     0x00006928      0x622 Drivers/STM32F4xx_HAL_Driver/stm32f4xx_hal_rcc.o
 .debug_loc     0x00006f4a     0x1287 Drivers/STM32F4xx_HAL_Driver/stm32f4xx_hal_spi.o
 .debug_loc     0x000081d1       0xda Drivers/CMSIS/system_stm32f4xx.o
 .debug_loc     0x000082ab      0x2f0 Application/User/main.o
 .debug_loc     0x0000859b       0xcc Application/User/stm32f4xx_hal_msp.o

.debug_aranges  0x00000000      0xb50
 .debug_aranges
                0x00000000      0x198 Middlewares/FreeRTOS/cmsis_os.o
 .debug_aranges
                0x00000198       0x48 Middlewares/FreeRTOS/heap_4.o
 .debug_aranges
                0x000001e0       0x40 Middlewares/FreeRTOS/list.o
 .debug_aranges
                0x00000220       0x80 Middlewares/FreeRTOS/port.o
 .debug_aranges
                0x000002a0       0xe8 Middlewares/FreeRTOS/queue.o
 .debug_aranges
                0x00000388      0x180 Middlewares/FreeRTOS/tasks.o
 .debug_aranges
                0x00000508       0xc0 Drivers/STM32F4xx_HAL_Driver/stm32f4xx_hal.o
 .debug_aranges
                0x000005c8       0x98 Drivers/STM32F4xx_HAL_Driver/stm32f4xx_hal_cortex.o
 .debug_aranges
                0x00000660       0x58 Drivers/STM32F4xx_HAL_Driver/stm32f4xx_hal_gpio.o
 .debug_aranges
                0x000006b8      0x190 Drivers/STM32F4xx_HAL_Driver/stm32f4xx_hal_i2c.o
 .debug_aranges
                0x00000848       0x88 Drivers/STM32F4xx_HAL_Driver/stm32f4xx_hal_rcc.o
 .debug_aranges
                0x000008d0      0x150 Drivers/STM32F4xx_HAL_Driver/stm32f4xx_hal_spi.o
 .debug_aranges
                0x00000a20       0x28 Drivers/CMSIS/system_stm32f4xx.o
 .debug_aranges
                0x00000a48       0x78 Application/User/main.o
 .debug_aranges
                0x00000ac0       0x40 Application/User/stm32f4xx_hal_msp.o
 .debug_aranges
                0x00000b00       0x28 Application/User/stm32f4xx_it.o
 .debug_aranges
                0x00000b28       0x28 Application/SW4STM32/startup_stm32f401xc.o

.debug_ranges   0x00000000      0xd98
 .debug_ranges  0x00000000      0x1a8 Middlewares/FreeRTOS/cmsis_os.o
 .debug_ranges  0x000001a8       0x38 Middlewares/FreeRTOS/heap_4.o
 .debug_ranges  0x000001e0       0x30 Middlewares/FreeRTOS/list.o
 .debug_ranges  0x00000210       0x70 Middlewares/FreeRTOS/port.o
 .debug_ranges  0x00000280       0xd8 Middlewares/FreeRTOS/queue.o
 .debug_ranges  0x00000358      0x208 Middlewares/FreeRTOS/tasks.o
 .debug_ranges  0x00000560       0xb0 Drivers/STM32F4xx_HAL_Driver/stm32f4xx_hal.o
 .debug_ranges  0x00000610      0x120 Drivers/STM32F4xx_HAL_Driver/stm32f4xx_hal_cortex.o
 .debug_ranges  0x00000730       0x60 Drivers/STM32F4xx_HAL_Driver/stm32f4xx_hal_gpio.o
 .debug_ranges  0x00000790      0x198 Drivers/STM32F4xx_HAL_Driver/stm32f4xx_hal_i2c.o
 .debug_ranges  0x00000928      0x158 Drivers/STM32F4xx_HAL_Driver/stm32f4xx_hal_rcc.o
 .debug_ranges  0x00000a80      0x158 Drivers/STM32F4xx_HAL_Driver/stm32f4xx_hal_spi.o
 .debug_ranges  0x00000bd8       0x18 Drivers/CMSIS/system_stm32f4xx.o
 .debug_ranges  0x00000bf0      0x110 Application/User/main.o
 .debug_ranges  0x00000d00       0x60 Application/User/stm32f4xx_hal_msp.o
 .debug_ranges  0x00000d60       0x18 Application/User/stm32f4xx_it.o
 .debug_ranges  0x00000d78       0x20 Application/SW4STM32/startup_stm32f401xc.o

.debug_macro    0x00000000     0xfb25
 .debug_macro   0x00000000      0x1c4 Middlewares/FreeRTOS/cmsis_os.o
 .debug_macro   0x000001c4      0x886 Middlewares/FreeRTOS/cmsis_os.o
 .debug_macro   0x00000a4a       0x58 Middlewares/FreeRTOS/cmsis_os.o
 .debug_macro   0x00000aa2       0x22 Middlewares/FreeRTOS/cmsis_os.o
 .debug_macro   0x00000ac4       0x35 Middlewares/FreeRTOS/cmsis_os.o
 .debug_macro   0x00000af9       0x9c Middlewares/FreeRTOS/cmsis_os.o
 .debug_macro   0x00000b95      0x166 Middlewares/FreeRTOS/cmsis_os.o
 .debug_macro   0x00000cfb       0x4a Middlewares/FreeRTOS/cmsis_os.o
 .debug_macro   0x00000d45       0x52 Middlewares/FreeRTOS/cmsis_os.o
 .debug_macro   0x00000d97       0x16 Middlewares/FreeRTOS/cmsis_os.o
 .debug_macro   0x00000dad       0x43 Middlewares/FreeRTOS/cmsis_os.o
 .debug_macro   0x00000df0      0x180 Middlewares/FreeRTOS/cmsis_os.o
 .debug_macro   0x00000f70      0x29d Middlewares/FreeRTOS/cmsis_os.o
 .debug_macro   0x0000120d       0x10 Middlewares/FreeRTOS/cmsis_os.o
 .debug_macro   0x0000121d       0x35 Middlewares/FreeRTOS/cmsis_os.o
 .debug_macro   0x00001252       0x16 Middlewares/FreeRTOS/cmsis_os.o
 .debug_macro   0x00001268       0x1c Middlewares/FreeRTOS/cmsis_os.o
 .debug_macro   0x00001284      0x1f7 Middlewares/FreeRTOS/cmsis_os.o
 .debug_macro   0x0000147b      0x130 Middlewares/FreeRTOS/cmsis_os.o
 .debug_macro   0x000015ab       0xd2 Middlewares/FreeRTOS/cmsis_os.o
 .debug_macro   0x0000167d       0x5e Middlewares/FreeRTOS/cmsis_os.o
 .debug_macro   0x000016db       0xe4 Middlewares/FreeRTOS/cmsis_os.o
 .debug_macro   0x000017bf       0x10 Middlewares/FreeRTOS/cmsis_os.o
 .debug_macro   0x000017cf       0x1f Middlewares/FreeRTOS/cmsis_os.o
 .debug_macro   0x000017ee      0x3ae Middlewares/FreeRTOS/cmsis_os.o
 .debug_macro   0x00001b9c       0xc0 Middlewares/FreeRTOS/cmsis_os.o
 .debug_macro   0x00001c5c       0x8c Middlewares/FreeRTOS/cmsis_os.o
 .debug_macro   0x00001ce8       0x91 Middlewares/FreeRTOS/cmsis_os.o
 .debug_macro   0x00001d79       0xb0 Middlewares/FreeRTOS/cmsis_os.o
 .debug_macro   0x00001e29       0x7f Middlewares/FreeRTOS/cmsis_os.o
 .debug_macro   0x00001ea8       0xcf Middlewares/FreeRTOS/cmsis_os.o
 .debug_macro   0x00001f77      0x193 Middlewares/FreeRTOS/heap_4.o
 .debug_macro   0x0000210a      0x16c Middlewares/FreeRTOS/list.o
 .debug_macro   0x00002276      0x18d Middlewares/FreeRTOS/port.o
 .debug_macro   0x00002403      0x1de Middlewares/FreeRTOS/queue.o
 .debug_macro   0x000025e1       0x16 Middlewares/FreeRTOS/queue.o
 .debug_macro   0x000025f7      0x21a Middlewares/FreeRTOS/tasks.o
 .debug_macro   0x00002811       0x16 Middlewares/FreeRTOS/tasks.o
 .debug_macro   0x00002827      0x2cc Drivers/STM32F4xx_HAL_Driver/stm32f4xx_hal.o
 .debug_macro   0x00002af3      0x1a2 Drivers/STM32F4xx_HAL_Driver/stm32f4xx_hal.o
 .debug_macro   0x00002c95       0x2e Drivers/STM32F4xx_HAL_Driver/stm32f4xx_hal.o
 .debug_macro   0x00002cc3       0x28 Drivers/STM32F4xx_HAL_Driver/stm32f4xx_hal.o
 .debug_macro   0x00002ceb       0x3b Drivers/STM32F4xx_HAL_Driver/stm32f4xx_hal.o
 .debug_macro   0x00002d26       0x34 Drivers/STM32F4xx_HAL_Driver/stm32f4xx_hal.o
 .debug_macro   0x00002d5a       0x26 Drivers/STM32F4xx_HAL_Driver/stm32f4xx_hal.o
 .debug_macro   0x00002d80      0xe43 Drivers/STM32F4xx_HAL_Driver/stm32f4xx_hal.o
 .debug_macro   0x00003bc3     0x501b Drivers/STM32F4xx_HAL_Driver/stm32f4xx_hal.o
 .debug_macro   0x00008bde       0x43 Drivers/STM32F4xx_HAL_Driver/stm32f4xx_hal.o
 .debug_macro   0x00008c21     0x3222 Drivers/STM32F4xx_HAL_Driver/stm32f4xx_hal.o
 .debug_macro   0x0000be43       0x16 Drivers/STM32F4xx_HAL_Driver/stm32f4xx_hal.o
 .debug_macro   0x0000be59       0x97 Drivers/STM32F4xx_HAL_Driver/stm32f4xx_hal.o
 .debug_macro   0x0000bef0       0xef Drivers/STM32F4xx_HAL_Driver/stm32f4xx_hal.o
 .debug_macro   0x0000bfdf       0x10 Drivers/STM32F4xx_HAL_Driver/stm32f4xx_hal.o
 .debug_macro   0x0000bfef       0x10 Drivers/STM32F4xx_HAL_Driver/stm32f4xx_hal.o
 .debug_macro   0x0000bfff       0x22 Drivers/STM32F4xx_HAL_Driver/stm32f4xx_hal.o
 .debug_macro   0x0000c021       0xbd Drivers/STM32F4xx_HAL_Driver/stm32f4xx_hal.o
 .debug_macro   0x0000c0de       0x16 Drivers/STM32F4xx_HAL_Driver/stm32f4xx_hal.o
 .debug_macro   0x0000c0f4      0x196 Drivers/STM32F4xx_HAL_Driver/stm32f4xx_hal.o
 .debug_macro   0x0000c28a       0x50 Drivers/STM32F4xx_HAL_Driver/stm32f4xx_hal.o
 .debug_macro   0x0000c2da      0x352 Drivers/STM32F4xx_HAL_Driver/stm32f4xx_hal.o
 .debug_macro   0x0000c62c      0x8b5 Drivers/STM32F4xx_HAL_Driver/stm32f4xx_hal.o
 .debug_macro   0x0000cee1      0x11e Drivers/STM32F4xx_HAL_Driver/stm32f4xx_hal.o
 .debug_macro   0x0000cfff       0xf8 Drivers/STM32F4xx_HAL_Driver/stm32f4xx_hal.o
 .debug_macro   0x0000d0f7       0x27 Drivers/STM32F4xx_HAL_Driver/stm32f4xx_hal.o
 .debug_macro   0x0000d11e      0x272 Drivers/STM32F4xx_HAL_Driver/stm32f4xx_hal.o
 .debug_macro   0x0000d390       0x5f Drivers/STM32F4xx_HAL_Driver/stm32f4xx_hal.o
 .debug_macro   0x0000d3ef      0x241 Drivers/STM32F4xx_HAL_Driver/stm32f4xx_hal.o
 .debug_macro   0x0000d630      0x13a Drivers/STM32F4xx_HAL_Driver/stm32f4xx_hal.o
 .debug_macro   0x0000d76a      0x23a Drivers/STM32F4xx_HAL_Driver/stm32f4xx_hal.o
 .debug_macro   0x0000d9a4       0x2e Drivers/STM32F4xx_HAL_Driver/stm32f4xx_hal.o
 .debug_macro   0x0000d9d2      0x17d Drivers/STM32F4xx_HAL_Driver/stm32f4xx_hal.o
 .debug_macro   0x0000db4f       0x22 Drivers/STM32F4xx_HAL_Driver/stm32f4xx_hal.o
 .debug_macro   0x0000db71       0x9e Drivers/STM32F4xx_HAL_Driver/stm32f4xx_hal.o
 .debug_macro   0x0000dc0f      0x11e Drivers/STM32F4xx_HAL_Driver/stm32f4xx_hal.o
 .debug_macro   0x0000dd2d       0x85 Drivers/STM32F4xx_HAL_Driver/stm32f4xx_hal.o
 .debug_macro   0x0000ddb2       0x89 Drivers/STM32F4xx_HAL_Driver/stm32f4xx_hal.o
 .debug_macro   0x0000de3b      0x202 Drivers/STM32F4xx_HAL_Driver/stm32f4xx_hal.o
 .debug_macro   0x0000e03d      0x11e Drivers/STM32F4xx_HAL_Driver/stm32f4xx_hal.o
 .debug_macro   0x0000e15b      0x27e Drivers/STM32F4xx_HAL_Driver/stm32f4xx_hal_cortex.o
 .debug_macro   0x0000e3d9      0x2b6 Drivers/STM32F4xx_HAL_Driver/stm32f4xx_hal_gpio.o
 .debug_macro   0x0000e68f      0x294 Drivers/STM32F4xx_HAL_Driver/stm32f4xx_hal_i2c.o
 .debug_macro   0x0000e923      0x2a8 Drivers/STM32F4xx_HAL_Driver/stm32f4xx_hal_rcc.o
 .debug_macro   0x0000ebcb      0x284 Drivers/STM32F4xx_HAL_Driver/stm32f4xx_hal_spi.o
 .debug_macro   0x0000ee4f      0x284 Drivers/CMSIS/system_stm32f4xx.o
 .debug_macro   0x0000f0d3      0x3a3 Application/User/main.o
 .debug_macro   0x0000f476       0xd2 Application/User/main.o
 .debug_macro   0x0000f548      0x27e Application/User/stm32f4xx_hal_msp.o
 .debug_macro   0x0000f7c6      0x35f Application/User/stm32f4xx_it.o

.debug_line     0x00000000     0x9c69
 .debug_line    0x00000000      0xad5 Middlewares/FreeRTOS/cmsis_os.o
 .debug_line    0x00000ad5      0x5e3 Middlewares/FreeRTOS/heap_4.o
 .debug_line    0x000010b8      0x511 Middlewares/FreeRTOS/list.o
 .debug_line    0x000015c9      0x5ec Middlewares/FreeRTOS/port.o
 .debug_line    0x00001bb5      0xad0 Middlewares/FreeRTOS/queue.o
 .debug_line    0x00002685      0xe09 Middlewares/FreeRTOS/tasks.o
 .debug_line    0x0000348e      0x82e Drivers/STM32F4xx_HAL_Driver/stm32f4xx_hal.o
 .debug_line    0x00003cbc      0x883 Drivers/STM32F4xx_HAL_Driver/stm32f4xx_hal_cortex.o
 .debug_line    0x0000453f      0x83c Drivers/STM32F4xx_HAL_Driver/stm32f4xx_hal_gpio.o
 .debug_line    0x00004d7b     0x140c Drivers/STM32F4xx_HAL_Driver/stm32f4xx_hal_i2c.o
 .debug_line    0x00006187      0x9c7 Drivers/STM32F4xx_HAL_Driver/stm32f4xx_hal_rcc.o
 .debug_line    0x00006b4e      0xf93 Drivers/STM32F4xx_HAL_Driver/stm32f4xx_hal_spi.o
 .debug_line    0x00007ae1      0x6ea Drivers/CMSIS/system_stm32f4xx.o
 .debug_line    0x000081cb      0xa79 Application/User/main.o
 .debug_line    0x00008c44      0x70d Application/User/stm32f4xx_hal_msp.o
 .debug_line    0x00009351      0x84b Application/User/stm32f4xx_it.o
 .debug_line    0x00009b9c       0xcd Application/SW4STM32/startup_stm32f401xc.o

.debug_str      0x00000000    0x5eab1
 .debug_str     0x00000000     0xb1f2 Middlewares/FreeRTOS/cmsis_os.o
                               0xb4e3 (size before relaxing)
 .debug_str     0x0000b1f2      0x3a9 Middlewares/FreeRTOS/heap_4.o
                               0x8cfd (size before relaxing)
 .debug_str     0x0000b59b      0x15c Middlewares/FreeRTOS/list.o
                               0x85c6 (size before relaxing)
 .debug_str     0x0000b6f7      0x7fb Middlewares/FreeRTOS/port.o
                               0x705d (size before relaxing)
 .debug_str     0x0000bef2      0x701 Middlewares/FreeRTOS/queue.o
                               0x9e8b (size before relaxing)
 .debug_str     0x0000c5f3      0xe25 Middlewares/FreeRTOS/tasks.o
                               0xa608 (size before relaxing)
 .debug_str     0x0000d418    0x4f82c Drivers/STM32F4xx_HAL_Driver/stm32f4xx_hal.o
                              0x553d0 (size before relaxing)
 .debug_str     0x0005cc44      0x399 Drivers/STM32F4xx_HAL_Driver/stm32f4xx_hal_cortex.o
                              0x5522a (size before relaxing)
 .debug_str     0x0005cfdd      0x2f8 Drivers/STM32F4xx_HAL_Driver/stm32f4xx_hal_gpio.o
                              0x54dae (size before relaxing)
 .debug_str     0x0005d2d5      0xa97 Drivers/STM32F4xx_HAL_Driver/stm32f4xx_hal_i2c.o
                              0x5549c (size before relaxing)
 .debug_str     0x0005dd6c      0x397 Drivers/STM32F4xx_HAL_Driver/stm32f4xx_hal_rcc.o
                              0x54f53 (size before relaxing)
 .debug_str     0x0005e103      0x564 Drivers/STM32F4xx_HAL_Driver/stm32f4xx_hal_spi.o
                              0x5523b (size before relaxing)
 .debug_str     0x0005e667       0xa8 Drivers/CMSIS/system_stm32f4xx.o
                              0x54b5f (size before relaxing)
 .debug_str     0x0005e70f      0x300 Application/User/main.o
                              0x5ab19 (size before relaxing)
 .debug_str     0x0005ea0f       0x3a Application/User/stm32f4xx_hal_msp.o
                              0x55549 (size before relaxing)
 .debug_str     0x0005ea49       0x68 Application/User/stm32f4xx_it.o
                              0x5991c (size before relaxing)

.comment        0x00000000       0x70
 .comment       0x00000000       0x70 Middlewares/FreeRTOS/cmsis_os.o
                                 0x71 (size before relaxing)
 .comment       0x00000000       0x71 Middlewares/FreeRTOS/heap_4.o
 .comment       0x00000000       0x71 Middlewares/FreeRTOS/list.o
 .comment       0x00000000       0x71 Middlewares/FreeRTOS/port.o
 .comment       0x00000000       0x71 Middlewares/FreeRTOS/queue.o
 .comment       0x00000000       0x71 Middlewares/FreeRTOS/tasks.o
 .comment       0x00000000       0x71 Drivers/STM32F4xx_HAL_Driver/stm32f4xx_hal.o
 .comment       0x00000000       0x71 Drivers/STM32F4xx_HAL_Driver/stm32f4xx_hal_cortex.o
 .comment       0x00000000       0x71 Drivers/STM32F4xx_HAL_Driver/stm32f4xx_hal_gpio.o
 .comment       0x00000000       0x71 Drivers/STM32F4xx_HAL_Driver/stm32f4xx_hal_i2c.o
 .comment       0x00000000       0x71 Drivers/STM32F4xx_HAL_Driver/stm32f4xx_hal_rcc.o
 .comment       0x00000000       0x71 Drivers/STM32F4xx_HAL_Driver/stm32f4xx_hal_spi.o
 .comment       0x00000000       0x71 Drivers/CMSIS/system_stm32f4xx.o
 .comment       0x00000000       0x71 Application/User/main.o
 .comment       0x00000000       0x71 Application/User/stm32f4xx_hal_msp.o
 .comment       0x00000000       0x71 Application/User/stm32f4xx_it.o

.debug_frame    0x00000000     0x2018
 .debug_frame   0x00000000      0x490 Middlewares/FreeRTOS/cmsis_os.o
 .debug_frame   0x00000490       0xa4 Middlewares/FreeRTOS/heap_4.o
 .debug_frame   0x00000534       0x6c Middlewares/FreeRTOS/list.o
 .debug_frame   0x000005a0       0xf0 Middlewares/FreeRTOS/port.o
 .debug_frame   0x00000690      0x2b0 Middlewares/FreeRTOS/queue.o
 .debug_frame   0x00000940      0x528 Middlewares/FreeRTOS/tasks.o
 .debug_frame   0x00000e68      0x184 Drivers/STM32F4xx_HAL_Driver/stm32f4xx_hal.o
 .debug_frame   0x00000fec      0x134 Drivers/STM32F4xx_HAL_Driver/stm32f4xx_hal_cortex.o
 .debug_frame   0x00001120       0xc4 Drivers/STM32F4xx_HAL_Driver/stm32f4xx_hal_gpio.o
 .debug_frame   0x000011e4      0x588 Drivers/STM32F4xx_HAL_Driver/stm32f4xx_hal_i2c.o
 .debug_frame   0x0000176c      0x154 Drivers/STM32F4xx_HAL_Driver/stm32f4xx_hal_rcc.o
 .debug_frame   0x000018c0      0x3ac Drivers/STM32F4xx_HAL_Driver/stm32f4xx_hal_spi.o
 .debug_frame   0x00001c6c       0x30 Drivers/CMSIS/system_stm32f4xx.o
 .debug_frame   0x00001c9c      0x164 Application/User/main.o
 .debug_frame   0x00001e00       0x80 Application/User/stm32f4xx_hal_msp.o
 .debug_frame   0x00001e80       0x48 Application/User/stm32f4xx_it.o
 .debug_frame   0x00001ec8       0x28 c:/ac6/systemworkbench/plugins/fr.ac6.mcu.externaltools.arm-none.win32_1.3.0.201507241045/tools/compiler/bin/../lib/gcc/arm-none-eabi/4.9.3/armv7e-m/fpu\libgcc.a(_aeabi_ldivmod.o)
 .debug_frame   0x00001ef0       0x50 c:/ac6/systemworkbench/plugins/fr.ac6.mcu.externaltools.arm-none.win32_1.3.0.201507241045/tools/compiler/bin/../lib/gcc/arm-none-eabi/4.9.3/armv7e-m/fpu\libgcc.a(bpabi.o)
 .debug_frame   0x00001f40       0x34 c:/ac6/systemworkbench/plugins/fr.ac6.mcu.externaltools.arm-none.win32_1.3.0.201507241045/tools/compiler/bin/../lib/gcc/arm-none-eabi/4.9.3/armv7e-m/fpu\libgcc.a(_divdi3.o)
 .debug_frame   0x00001f74       0x30 c:/ac6/systemworkbench/plugins/fr.ac6.mcu.externaltools.arm-none.win32_1.3.0.201507241045/tools/compiler/bin/../lib/gcc/arm-none-eabi/4.9.3/armv7e-m/fpu\libgcc.a(_udivdi3.o)
 .debug_frame   0x00001fa4       0x2c c:/ac6/systemworkbench/plugins/fr.ac6.mcu.externaltools.arm-none.win32_1.3.0.201507241045/tools/compiler/bin/../lib/gcc/arm-none-eabi/4.9.3/../../../../arm-none-eabi/lib/armv7e-m/fpu\libc_nano.a(lib_a-init.o)
 .debug_frame   0x00001fd0       0x28 c:/ac6/systemworkbench/plugins/fr.ac6.mcu.externaltools.arm-none.win32_1.3.0.201507241045/tools/compiler/bin/../lib/gcc/arm-none-eabi/4.9.3/../../../../arm-none-eabi/lib/armv7e-m/fpu\libc_nano.a(lib_a-memcpy.o)
 .debug_frame   0x00001ff8       0x20 c:/ac6/systemworkbench/plugins/fr.ac6.mcu.externaltools.arm-none.win32_1.3.0.201507241045/tools/compiler/bin/../lib/gcc/arm-none-eabi/4.9.3/../../../../arm-none-eabi/lib/armv7e-m/fpu\libc_nano.a(lib_a-memset.o)
